gruH_c0                      std30     5.917  ci 5.57-6.28  arrived 2%  (0s)
gruH_c0                      std30_1k  6.330  ci 6.18-6.49  arrived 1%  (1s)
gruH_c0                      len45     7.698  ci 7.27-8.11  arrived 0%  (1s)
gruH_c0                      len60     8.573  ci 8.05-9.07  arrived 0%  (1s)
gruH_c0                      len90     11.063  ci 10.49-11.68  arrived 1%  (1s)
gruH_c0                      drift05   5.917  ci 5.57-6.28  arrived 2%  (0s)
gruH_c0                      drift15   5.917  ci 5.57-6.28  arrived 2%  (0s)
gruH_c0                      stop10    5.733  ci 5.40-6.08  arrived 2%  (0s)
gruH_c0                      stop30    5.595  ci 5.31-5.91  arrived 2%  (0s)
gruH_c1                      std30     5.970  ci 5.63-6.33  arrived 2%  (0s)
gruH_c1                      std30_1k  6.302  ci 6.15-6.47  arrived 2%  (1s)
gruH_c1                      len45     7.721  ci 7.30-8.15  arrived 0%  (0s)
gruH_c1                      len60     8.570  ci 8.07-9.05  arrived 1%  (1s)
gruH_c1                      len90     11.050  ci 10.49-11.67  arrived 1%  (1s)
gruH_c1                      drift05   5.970  ci 5.63-6.33  arrived 2%  (0s)
gruH_c1                      drift15   5.970  ci 5.63-6.33  arrived 2%  (0s)
gruH_c1                      stop10    5.688  ci 5.36-6.04  arrived 2%  (0s)
gruH_c1                      stop30    5.618  ci 5.32-5.93  arrived 2%  (0s)
gruH_c2                      std30     5.923  ci 5.58-6.29  arrived 2%  (0s)
gruH_c2                      std30_1k  6.333  ci 6.18-6.50  arrived 1%  (1s)
gruH_c2                      len45     7.688  ci 7.28-8.11  arrived 0%  (1s)
gruH_c2                      len60     8.565  ci 8.04-9.06  arrived 0%  (1s)
gruH_c2                      len90     11.076  ci 10.50-11.71  arrived 1%  (1s)
gruH_c2                      drift05   5.923  ci 5.58-6.29  arrived 2%  (0s)
gruH_c2                      drift15   5.923  ci 5.58-6.29  arrived 2%  (0s)
gruH_c2                      stop10    5.721  ci 5.39-6.08  arrived 2%  (0s)
gruH_c2                      stop30    5.584  ci 5.29-5.89  arrived 2%  (0s)
twinH3_c0                    std30     5.967  ci 5.62-6.33  arrived 1%  (0s)
twinH3_c0                    std30_1k  6.352  ci 6.20-6.52  arrived 2%  (1s)
twinH3_c0                    len45     7.723  ci 7.30-8.15  arrived 0%  (0s)
twinH3_c0                    len60     8.588  ci 8.07-9.08  arrived 0%  (1s)
twinH3_c0                    len90     11.077  ci 10.51-11.70  arrived 0%  (1s)
twinH3_c0                    drift05   5.967  ci 5.62-6.33  arrived 1%  (0s)
twinH3_c0                    drift15   5.967  ci 5.62-6.33  arrived 1%  (0s)
twinH3_c0                    stop10    5.722  ci 5.39-6.07  arrived 2%  (0s)
twinH3_c0                    stop30    5.602  ci 5.30-5.92  arrived 2%  (0s)
twinH3_c1                    std30     5.979  ci 5.64-6.33  arrived 2%  (0s)
twinH3_c1                    std30_1k  6.301  ci 6.15-6.47  arrived 2%  (1s)
twinH3_c1                    len45     7.714  ci 7.30-8.14  arrived 0%  (0s)
twinH3_c1                    len60     8.565  ci 8.07-9.05  arrived 1%  (1s)
twinH3_c1                    len90     11.050  ci 10.48-11.68  arrived 1%  (1s)
twinH3_c1                    drift05   5.979  ci 5.64-6.33  arrived 2%  (0s)
twinH3_c1                    drift15   5.979  ci 5.64-6.33  arrived 2%  (0s)
twinH3_c1                    stop10    5.697  ci 5.36-6.05  arrived 2%  (0s)
twinH3_c1                    stop30    5.607  ci 5.31-5.92  arrived 2%  (0s)
twinH3_c2                    std30     5.914  ci 5.57-6.27  arrived 2%  (0s)
twinH3_c2                    std30_1k  6.328  ci 6.18-6.50  arrived 1%  (1s)
twinH3_c2                    len45     7.689  ci 7.27-8.11  arrived 0%  (0s)
twinH3_c2                    len60     8.544  ci 8.02-9.03  arrived 1%  (1s)
twinH3_c2                    len90     11.102  ci 10.53-11.72  arrived 0%  (1s)
twinH3_c2                    drift05   5.914  ci 5.57-6.27  arrived 2%  (0s)
twinH3_c2                    drift15   5.914  ci 5.57-6.27  arrived 2%  (0s)
twinH3_c2                    stop10    5.706  ci 5.37-6.05  arrived 3%  (0s)
twinH3_c2                    stop30    5.629  ci 5.33-5.96  arrived 1%  (0s)
twinH_c0_lr1e-3              std30     5.915  ci 5.57-6.29  arrived 2%  (0s)
twinH_c0_lr1e-3              std30_1k  6.330  ci 6.18-6.49  arrived 1%  (1s)
twinH_c0_lr1e-3              len45     7.700  ci 7.28-8.11  arrived 1%  (0s)
twinH_c0_lr1e-3              len60     8.576  ci 8.06-9.07  arrived 0%  (1s)
twinH_c0_lr1e-3              len90     11.071  ci 10.50-11.69  arrived 1%  (1s)
twinH_c0_lr1e-3              drift05   5.915  ci 5.57-6.29  arrived 2%  (0s)
twinH_c0_lr1e-3              drift15   5.915  ci 5.57-6.29  arrived 2%  (0s)
twinH_c0_lr1e-3              stop10    5.732  ci 5.40-6.08  arrived 2%  (0s)
twinH_c0_lr1e-3              stop30    5.595  ci 5.31-5.91  arrived 1%  (0s)
twinH_c0_lr3e-4              std30     5.877  ci 5.53-6.25  arrived 2%  (0s)
twinH_c0_lr3e-4              std30_1k  6.252  ci 6.10-6.42  arrived 2%  (1s)
twinH_c0_lr3e-4              len45     7.646  ci 7.24-8.08  arrived 0%  (0s)
twinH_c0_lr3e-4              len60     8.499  ci 7.99-8.99  arrived 1%  (1s)
twinH_c0_lr3e-4              len90     10.950  ci 10.40-11.57  arrived 1%  (1s)
twinH_c0_lr3e-4              drift05   5.877  ci 5.53-6.25  arrived 2%  (0s)
twinH_c0_lr3e-4              drift15   5.877  ci 5.53-6.25  arrived 2%  (0s)
twinH_c0_lr3e-4              stop10    5.663  ci 5.33-6.02  arrived 2%  (0s)
twinH_c0_lr3e-4              stop30    5.531  ci 5.22-5.84  arrived 3%  (0s)
twinH_c1_lr1e-3              std30     5.979  ci 5.64-6.33  arrived 2%  (0s)
twinH_c1_lr1e-3              std30_1k  6.301  ci 6.15-6.47  arrived 2%  (1s)
twinH_c1_lr1e-3              len45     7.714  ci 7.30-8.14  arrived 0%  (0s)
twinH_c1_lr1e-3              len60     8.565  ci 8.07-9.05  arrived 1%  (1s)
twinH_c1_lr1e-3              len90     11.050  ci 10.48-11.68  arrived 1%  (1s)
twinH_c1_lr1e-3              drift05   5.979  ci 5.64-6.33  arrived 2%  (0s)
twinH_c1_lr1e-3              drift15   5.979  ci 5.64-6.33  arrived 2%  (0s)
twinH_c1_lr1e-3              stop10    5.697  ci 5.36-6.05  arrived 2%  (0s)
twinH_c1_lr1e-3              stop30    5.607  ci 5.31-5.92  arrived 2%  (0s)
twinH_c1_lr3e-4              std30     5.908  ci 5.56-6.27  arrived 2%  (0s)
twinH_c1_lr3e-4              std30_1k  6.243  ci 6.09-6.41  arrived 2%  (1s)
twinH_c1_lr3e-4              len45     7.647  ci 7.23-8.06  arrived 0%  (0s)
twinH_c1_lr3e-4              len60     8.487  ci 7.98-8.97  arrived 0%  (1s)
twinH_c1_lr3e-4              len90     11.000  ci 10.43-11.61  arrived 1%  (1s)
twinH_c1_lr3e-4              drift05   5.908  ci 5.56-6.27  arrived 2%  (0s)
twinH_c1_lr3e-4              drift15   5.908  ci 5.56-6.27  arrived 2%  (0s)
twinH_c1_lr3e-4              stop10    5.620  ci 5.28-5.96  arrived 3%  (0s)
twinH_c1_lr3e-4              stop30    5.519  ci 5.21-5.82  arrived 2%  (0s)
twinH_c2_lr1e-3              std30     5.934  ci 5.59-6.30  arrived 2%  (0s)
twinH_c2_lr1e-3              std30_1k  6.347  ci 6.19-6.51  arrived 1%  (1s)
twinH_c2_lr1e-3              len45     7.726  ci 7.31-8.14  arrived 0%  (0s)
twinH_c2_lr1e-3              len60     8.603  ci 8.09-9.10  arrived 0%  (1s)
twinH_c2_lr1e-3              len90     11.109  ci 10.55-11.72  arrived 1%  (1s)
twinH_c2_lr1e-3              drift05   5.934  ci 5.59-6.30  arrived 2%  (0s)
twinH_c2_lr1e-3              drift15   5.934  ci 5.59-6.30  arrived 2%  (0s)
twinH_c2_lr1e-3              stop10    5.739  ci 5.40-6.10  arrived 2%  (0s)
twinH_c2_lr1e-3              stop30    5.614  ci 5.31-5.92  arrived 3%  (0s)
twinH_c2_lr3e-4              std30     5.898  ci 5.55-6.26  arrived 2%  (0s)
twinH_c2_lr3e-4              std30_1k  6.284  ci 6.13-6.45  arrived 1%  (1s)
twinH_c2_lr3e-4              len45     7.651  ci 7.24-8.07  arrived 0%  (0s)
twinH_c2_lr3e-4              len60     8.478  ci 7.97-8.96  arrived 1%  (1s)
twinH_c2_lr3e-4              len90     10.954  ci 10.39-11.57  arrived 0%  (1s)
twinH_c2_lr3e-4              drift05   5.898  ci 5.55-6.26  arrived 2%  (0s)
twinH_c2_lr3e-4              drift15   5.898  ci 5.55-6.26  arrived 2%  (0s)
twinH_c2_lr3e-4              stop10    5.651  ci 5.31-5.99  arrived 2%  (0s)
twinH_c2_lr3e-4              stop30    5.544  ci 5.23-5.86  arrived 2%  (0s)
twinS_c0_lr1e-3              std30     5.915  ci 5.56-6.28  arrived 2%  (0s)
twinS_c0_lr1e-3              std30_1k  6.330  ci 6.18-6.50  arrived 1%  (1s)
twinS_c0_lr1e-3              len45     7.699  ci 7.28-8.11  arrived 1%  (0s)
twinS_c0_lr1e-3              len60     8.587  ci 8.07-9.08  arrived 1%  (1s)
twinS_c0_lr1e-3              len90     11.087  ci 10.51-11.71  arrived 1%  (1s)
twinS_c0_lr1e-3              drift05   5.915  ci 5.56-6.28  arrived 2%  (0s)
twinS_c0_lr1e-3              drift15   5.915  ci 5.56-6.28  arrived 2%  (0s)
twinS_c0_lr1e-3              stop10    5.729  ci 5.40-6.08  arrived 2%  (0s)
twinS_c0_lr1e-3              stop30    5.591  ci 5.30-5.90  arrived 1%  (0s)
twinS_c0_lr3e-4              std30     5.889  ci 5.54-6.25  arrived 3%  (0s)
twinS_c0_lr3e-4              std30_1k  6.258  ci 6.11-6.43  arrived 2%  (1s)
twinS_c0_lr3e-4              len45     7.622  ci 7.20-8.04  arrived 0%  (0s)
twinS_c0_lr3e-4              len60     8.516  ci 7.99-9.00  arrived 0%  (1s)
twinS_c0_lr3e-4              len90     10.974  ci 10.42-11.59  arrived 1%  (1s)
twinS_c0_lr3e-4              drift05   5.889  ci 5.54-6.25  arrived 3%  (0s)
twinS_c0_lr3e-4              drift15   5.889  ci 5.54-6.25  arrived 3%  (0s)
twinS_c0_lr3e-4              stop10    5.647  ci 5.30-5.99  arrived 3%  (0s)
twinS_c0_lr3e-4              stop30    5.545  ci 5.25-5.86  arrived 3%  (0s)
twinS_c1_lr1e-3              std30     4.861  ci 4.54-5.19  arrived 5%  (0s)
twinS_c1_lr1e-3              std30_1k  5.272  ci 5.13-5.42  arrived 4%  (1s)
twinS_c1_lr1e-3              len45     6.058  ci 5.67-6.44  arrived 4%  (0s)
twinS_c1_lr1e-3              len60     6.696  ci 6.21-7.14  arrived 5%  (1s)
twinS_c1_lr1e-3              len90     9.103  ci 8.53-9.75  arrived 4%  (1s)
twinS_c1_lr1e-3              drift05   4.878  ci 4.55-5.20  arrived 5%  (0s)
twinS_c1_lr1e-3              drift15   5.123  ci 4.79-5.46  arrived 4%  (0s)
twinS_c1_lr1e-3              stop10    4.699  ci 4.38-4.98  arrived 5%  (0s)
twinS_c1_lr1e-3              stop30    4.619  ci 4.34-4.91  arrived 5%  (0s)
twinS_c1_lr3e-4              std30     5.835  ci 5.49-6.19  arrived 4%  (0s)
twinS_c1_lr3e-4              std30_1k  6.223  ci 6.07-6.39  arrived 2%  (1s)
twinS_c1_lr3e-4              len45     7.604  ci 7.19-8.03  arrived 1%  (0s)
twinS_c1_lr3e-4              len60     8.474  ci 7.96-8.96  arrived 1%  (1s)
twinS_c1_lr3e-4              len90     10.920  ci 10.34-11.55  arrived 1%  (1s)
twinS_c1_lr3e-4              drift05   5.835  ci 5.49-6.19  arrived 4%  (0s)
twinS_c1_lr3e-4              drift15   5.835  ci 5.49-6.19  arrived 4%  (0s)
twinS_c1_lr3e-4              stop10    5.622  ci 5.29-5.97  arrived 3%  (0s)
twinS_c1_lr3e-4              stop30    5.515  ci 5.22-5.83  arrived 3%  (0s)
twinS_c2_lr1e-3              std30     5.933  ci 5.59-6.30  arrived 2%  (0s)
twinS_c2_lr1e-3              std30_1k  6.337  ci 6.19-6.50  arrived 1%  (1s)
twinS_c2_lr1e-3              len45     7.684  ci 7.28-8.11  arrived 0%  (0s)
twinS_c2_lr1e-3              len60     8.566  ci 8.07-9.06  arrived 1%  (1s)
twinS_c2_lr1e-3              len90     11.058  ci 10.49-11.69  arrived 1%  (1s)
twinS_c2_lr1e-3              drift05   5.933  ci 5.59-6.30  arrived 2%  (0s)
twinS_c2_lr1e-3              drift15   5.933  ci 5.59-6.30  arrived 2%  (0s)
twinS_c2_lr1e-3              stop10    5.720  ci 5.38-6.08  arrived 2%  (0s)
twinS_c2_lr1e-3              stop30    5.589  ci 5.29-5.90  arrived 2%  (0s)
twinS_c2_lr3e-4              std30     5.888  ci 5.54-6.26  arrived 2%  (0s)
twinS_c2_lr3e-4              std30_1k  6.267  ci 6.12-6.43  arrived 2%  (1s)
twinS_c2_lr3e-4              len45     7.643  ci 7.23-8.06  arrived 1%  (0s)
twinS_c2_lr3e-4              len60     8.530  ci 8.02-9.02  arrived 1%  (1s)
twinS_c2_lr3e-4              len90     11.006  ci 10.43-11.64  arrived 1%  (1s)
twinS_c2_lr3e-4              drift05   5.888  ci 5.54-6.26  arrived 2%  (0s)
twinS_c2_lr3e-4              drift15   5.888  ci 5.54-6.26  arrived 2%  (0s)
twinS_c2_lr3e-4              stop10    5.624  ci 5.28-5.97  arrived 3%  (0s)
twinS_c2_lr3e-4              stop30    5.567  ci 5.27-5.88  arrived 3%  (0s)
