hand                         std30     0.748  ci 0.70-0.79  arrived 56%  (1s)
hand                         std30_1k  0.750  ci 0.73-0.77  arrived 56%  (1s)
hand                         len45     0.795  ci 0.74-0.85  arrived 53%  (1s)
hand                         len60     0.772  ci 0.72-0.82  arrived 57%  (1s)
hand                         len90     0.855  ci 0.78-0.93  arrived 52%  (2s)
hand                         drift05   0.914  ci 0.83-1.00  arrived 53%  (1s)
hand                         drift15   2.008  ci 1.80-2.23  arrived 32%  (1s)
hand                         stop10    0.716  ci 0.67-0.76  arrived 60%  (1s)
hand                         stop30    0.718  ci 0.67-0.76  arrived 60%  (1s)
hand                         trips5    0.758  ci 0.72-0.80  arrived 57%  (1s)
random                       std30     4.378  ci 4.06-4.72  arrived 9%  (0s)
random                       std30_1k  4.801  ci 4.64-4.96  arrived 8%  (0s)
random                       len45     5.352  ci 4.94-5.80  arrived 9%  (0s)
random                       len60     5.923  ci 5.48-6.38  arrived 7%  (1s)
random                       len90     7.258  ci 6.72-7.83  arrived 7%  (1s)
random                       drift05   4.378  ci 4.06-4.72  arrived 9%  (0s)
random                       drift15   4.378  ci 4.06-4.72  arrived 9%  (0s)
random                       stop10    4.071  ci 3.71-4.42  arrived 11%  (0s)
random                       stop30    4.153  ci 3.89-4.48  arrived 11%  (0s)
random                       trips5    4.717  ci 4.49-4.94  arrived 8%  (1s)
fw28                         std30     1.597  ci 1.43-1.77  arrived 31%  (9s)
fw28                         std30_1k  1.680  ci 1.61-1.75  arrived 27%  (20s)
fw28                         len45     2.111  ci 1.93-2.29  arrived 18%  (7s)
fw28                         len60     2.662  ci 2.42-2.92  arrived 15%  (9s)
fw28                         len90     4.473  ci 4.15-4.83  arrived 9%  (13s)
fw28                         drift05   1.997  ci 1.82-2.18  arrived 23%  (4s)
fw28                         drift15   3.260  ci 3.00-3.53  arrived 12%  (5s)
fw28                         stop10    1.728  ci 1.58-1.89  arrived 26%  (5s)
fw28                         stop30    2.265  ci 2.09-2.44  arrived 16%  (6s)
fw28                         trips5    1.674  ci 1.57-1.79  arrived 28%  (11s)
fw40                         std30     1.586  ci 1.43-1.75  arrived 31%  (9s)
fw40                         std30_1k  1.671  ci 1.60-1.74  arrived 29%  (19s)
fw40                         len45     2.045  ci 1.89-2.22  arrived 21%  (7s)
fw40                         len60     2.599  ci 2.40-2.82  arrived 12%  (9s)
fw40                         len90     4.090  ci 3.78-4.43  arrived 11%  (13s)
fw40                         drift05   2.006  ci 1.83-2.19  arrived 22%  (4s)
fw40                         drift15   3.231  ci 3.00-3.48  arrived 14%  (4s)
fw40                         stop10    1.884  ci 1.72-2.04  arrived 22%  (5s)
fw40                         stop30    2.327  ci 2.16-2.51  arrived 15%  (5s)
fw40                         trips5    1.661  ci 1.56-1.77  arrived 30%  (11s)
fw41                         std30     1.491  ci 1.34-1.65  arrived 38%  (8s)
fw41                         std30_1k  1.547  ci 1.48-1.62  arrived 35%  (20s)
fw41                         len45     1.899  ci 1.72-2.09  arrived 25%  (6s)
fw41                         len60     2.684  ci 2.43-2.96  arrived 17%  (8s)
fw41                         len90     4.547  ci 4.19-4.92  arrived 13%  (13s)
fw41                         drift05   1.952  ci 1.78-2.13  arrived 23%  (4s)
fw41                         drift15   3.141  ci 2.88-3.40  arrived 13%  (4s)
fw41                         stop10    1.568  ci 1.42-1.72  arrived 31%  (5s)
fw41                         stop30    1.985  ci 1.82-2.17  arrived 21%  (6s)
fw41                         trips5    1.554  ci 1.44-1.67  arrived 33%  (11s)
fw45                         std30     1.552  ci 1.41-1.72  arrived 32%  (9s)
fw45                         std30_1k  1.568  ci 1.50-1.64  arrived 31%  (19s)
fw45                         len45     2.036  ci 1.85-2.23  arrived 22%  (6s)
fw45                         len60     2.742  ci 2.50-3.02  arrived 19%  (8s)
fw45                         len90     4.620  ci 4.24-5.00  arrived 10%  (13s)
fw45                         drift05   1.939  ci 1.78-2.11  arrived 25%  (4s)
fw45                         drift15   3.132  ci 2.89-3.39  arrived 16%  (4s)
fw45                         stop10    1.635  ci 1.48-1.79  arrived 27%  (4s)
fw45                         stop30    2.120  ci 1.94-2.30  arrived 19%  (5s)
fw45                         trips5    1.566  ci 1.46-1.68  arrived 30%  (11s)
