fwA_41                       std30     1.760  ci 1.60-1.92  arrived 27%  (5s)
fwA_41                       std30_1k  1.846  ci 1.77-1.92  arrived 24%  (12s)
fwA_41                       len45     2.324  ci 2.14-2.53  arrived 17%  (4s)
fwA_41                       len60     2.824  ci 2.60-3.06  arrived 16%  (5s)
fwA_41                       len90     4.806  ci 4.43-5.21  arrived 10%  (8s)
fwA_41                       drift05   2.077  ci 1.91-2.26  arrived 22%  (3s)
fwA_41                       drift15   3.315  ci 3.07-3.59  arrived 12%  (3s)
fwA_41                       stop10    1.915  ci 1.75-2.08  arrived 24%  (3s)
fwA_41                       stop30    2.420  ci 2.24-2.60  arrived 15%  (3s)
fwA_41                       trips5    1.838  ci 1.73-1.96  arrived 26%  (7s)
fwA_45                       std30     1.594  ci 1.44-1.76  arrived 29%  (5s)
fwA_45                       std30_1k  1.669  ci 1.60-1.75  arrived 30%  (13s)
fwA_45                       len45     1.888  ci 1.72-2.07  arrived 26%  (4s)
fwA_45                       len60     2.396  ci 2.21-2.61  arrived 18%  (5s)
fwA_45                       len90     4.041  ci 3.72-4.36  arrived 12%  (8s)
fwA_45                       drift05   2.036  ci 1.87-2.21  arrived 22%  (3s)
fwA_45                       drift15   3.385  ci 3.14-3.64  arrived 12%  (3s)
fwA_45                       stop10    1.731  ci 1.58-1.89  arrived 23%  (3s)
fwA_45                       stop30    2.285  ci 2.12-2.45  arrived 16%  (4s)
fwA_45                       trips5    1.624  ci 1.52-1.74  arrived 30%  (7s)
gru_c0_lr1e-3                std30     5.917  ci 5.57-6.28  arrived 2%  (0s)
gru_c0_lr1e-3                std30_1k  6.330  ci 6.18-6.49  arrived 1%  (1s)
gru_c0_lr1e-3                len45     7.698  ci 7.27-8.11  arrived 0%  (1s)
gru_c0_lr1e-3                len60     8.573  ci 8.05-9.07  arrived 0%  (1s)
gru_c0_lr1e-3                len90     11.063  ci 10.49-11.68  arrived 1%  (1s)
gru_c0_lr1e-3                drift05   5.917  ci 5.57-6.28  arrived 2%  (0s)
gru_c0_lr1e-3                drift15   5.917  ci 5.57-6.28  arrived 2%  (0s)
gru_c0_lr1e-3                stop10    5.733  ci 5.40-6.08  arrived 2%  (0s)
gru_c0_lr1e-3                stop30    5.595  ci 5.31-5.91  arrived 2%  (0s)
gru_c0_lr1e-3                trips5    6.234  ci 6.03-6.45  arrived 2%  (1s)
gru_c1_lr1e-3                std30     5.935  ci 5.59-6.29  arrived 2%  (0s)
gru_c1_lr1e-3                std30_1k  6.292  ci 6.14-6.46  arrived 1%  (1s)
gru_c1_lr1e-3                len45     7.673  ci 7.26-8.11  arrived 0%  (1s)
gru_c1_lr1e-3                len60     8.565  ci 8.05-9.05  arrived 1%  (1s)
gru_c1_lr1e-3                len90     11.007  ci 10.45-11.63  arrived 0%  (1s)
gru_c1_lr1e-3                drift05   5.935  ci 5.59-6.29  arrived 2%  (0s)
gru_c1_lr1e-3                drift15   5.935  ci 5.59-6.29  arrived 2%  (0s)
gru_c1_lr1e-3                stop10    5.648  ci 5.31-6.00  arrived 3%  (0s)
gru_c1_lr1e-3                stop30    5.564  ci 5.26-5.88  arrived 1%  (1s)
gru_c1_lr1e-3                trips5    6.226  ci 6.02-6.43  arrived 2%  (1s)
gru_c2_lr1e-3                std30     5.915  ci 5.57-6.27  arrived 2%  (0s)
gru_c2_lr1e-3                std30_1k  6.328  ci 6.18-6.50  arrived 1%  (1s)
gru_c2_lr1e-3                len45     7.687  ci 7.27-8.11  arrived 0%  (1s)
gru_c2_lr1e-3                len60     8.544  ci 8.02-9.03  arrived 1%  (1s)
gru_c2_lr1e-3                len90     11.100  ci 10.54-11.72  arrived 0%  (1s)
gru_c2_lr1e-3                drift05   5.915  ci 5.57-6.27  arrived 2%  (0s)
gru_c2_lr1e-3                drift15   5.915  ci 5.57-6.27  arrived 2%  (0s)
gru_c2_lr1e-3                stop10    5.706  ci 5.37-6.05  arrived 3%  (0s)
gru_c2_lr1e-3                stop30    5.629  ci 5.33-5.95  arrived 1%  (1s)
gru_c2_lr1e-3                trips5    6.226  ci 6.02-6.45  arrived 3%  (1s)
twinA_w41                    std30     5.891  ci 5.54-6.26  arrived 3%  (0s)
twinA_w41                    std30_1k  6.266  ci 6.11-6.42  arrived 1%  (1s)
twinA_w41                    len45     7.643  ci 7.23-8.07  arrived 1%  (1s)
twinA_w41                    len60     8.493  ci 7.98-8.98  arrived 1%  (1s)
twinA_w41                    len90     10.917  ci 10.34-11.53  arrived 1%  (1s)
twinA_w41                    drift05   5.879  ci 5.53-6.25  arrived 3%  (0s)
twinA_w41                    drift15   5.877  ci 5.53-6.25  arrived 3%  (0s)
twinA_w41                    stop10    5.617  ci 5.27-5.96  arrived 3%  (0s)
twinA_w41                    stop30    5.546  ci 5.24-5.86  arrived 2%  (1s)
twinA_w41                    trips5    6.179  ci 5.97-6.39  arrived 2%  (1s)
twinA_w45                    std30     5.382  ci 5.06-5.72  arrived 5%  (0s)
twinA_w45                    std30_1k  5.563  ci 5.40-5.72  arrived 4%  (1s)
twinA_w45                    len45     6.723  ci 6.30-7.17  arrived 4%  (1s)
twinA_w45                    len60     7.331  ci 6.86-7.84  arrived 4%  (1s)
twinA_w45                    len90     9.435  ci 8.89-10.02  arrived 4%  (1s)
twinA_w45                    drift05   5.390  ci 5.07-5.73  arrived 5%  (0s)
twinA_w45                    drift15   5.268  ci 4.93-5.60  arrived 5%  (0s)
twinA_w45                    stop10    4.989  ci 4.65-5.33  arrived 7%  (0s)
twinA_w45                    stop30    4.928  ci 4.65-5.23  arrived 5%  (0s)
twinA_w45                    trips5    5.433  ci 5.22-5.66  arrived 5%  (1s)
twin_c0_lr1e-3               std30     5.967  ci 5.62-6.33  arrived 1%  (0s)
twin_c0_lr1e-3               std30_1k  6.352  ci 6.20-6.52  arrived 2%  (1s)
twin_c0_lr1e-3               len45     7.723  ci 7.30-8.15  arrived 0%  (1s)
twin_c0_lr1e-3               len60     8.589  ci 8.07-9.08  arrived 0%  (1s)
twin_c0_lr1e-3               len90     11.074  ci 10.51-11.70  arrived 1%  (1s)
twin_c0_lr1e-3               drift05   5.967  ci 5.62-6.33  arrived 1%  (0s)
twin_c0_lr1e-3               drift15   5.967  ci 5.62-6.33  arrived 1%  (0s)
twin_c0_lr1e-3               stop10    5.722  ci 5.39-6.07  arrived 2%  (0s)
twin_c0_lr1e-3               stop30    5.602  ci 5.30-5.92  arrived 2%  (0s)
twin_c0_lr1e-3               trips5    6.276  ci 6.06-6.49  arrived 2%  (1s)
twin_c1_lr1e-3               std30     5.978  ci 5.64-6.33  arrived 2%  (0s)
twin_c1_lr1e-3               std30_1k  6.301  ci 6.15-6.47  arrived 2%  (1s)
twin_c1_lr1e-3               len45     7.714  ci 7.30-8.14  arrived 0%  (1s)
twin_c1_lr1e-3               len60     8.565  ci 8.07-9.05  arrived 1%  (1s)
twin_c1_lr1e-3               len90     11.050  ci 10.48-11.68  arrived 1%  (1s)
twin_c1_lr1e-3               drift05   5.978  ci 5.64-6.33  arrived 2%  (0s)
twin_c1_lr1e-3               drift15   5.978  ci 5.64-6.33  arrived 2%  (0s)
twin_c1_lr1e-3               stop10    5.697  ci 5.36-6.05  arrived 2%  (0s)
twin_c1_lr1e-3               stop30    5.607  ci 5.31-5.92  arrived 2%  (1s)
twin_c1_lr1e-3               trips5    6.256  ci 6.05-6.47  arrived 2%  (1s)
twin_c2_lr1e-3               std30     5.914  ci 5.57-6.27  arrived 2%  (0s)
twin_c2_lr1e-3               std30_1k  6.328  ci 6.18-6.50  arrived 1%  (1s)
twin_c2_lr1e-3               len45     7.689  ci 7.27-8.11  arrived 0%  (1s)
twin_c2_lr1e-3               len60     8.544  ci 8.02-9.03  arrived 1%  (1s)
twin_c2_lr1e-3               len90     11.101  ci 10.53-11.72  arrived 0%  (1s)
twin_c2_lr1e-3               drift05   5.914  ci 5.57-6.27  arrived 2%  (0s)
twin_c2_lr1e-3               drift15   5.914  ci 5.57-6.27  arrived 2%  (0s)
twin_c2_lr1e-3               stop10    5.706  ci 5.37-6.05  arrived 3%  (0s)
twin_c2_lr1e-3               stop30    5.629  ci 5.33-5.96  arrived 1%  (1s)
twin_c2_lr1e-3               trips5    6.225  ci 6.02-6.45  arrived 3%  (1s)
twin_w28                     std30     5.929  ci 5.59-6.29  arrived 3%  (0s)
twin_w28                     std30_1k  6.309  ci 6.16-6.48  arrived 2%  (1s)
twin_w28                     len45     7.677  ci 7.26-8.10  arrived 0%  (1s)
twin_w28                     len60     8.537  ci 8.04-9.02  arrived 1%  (1s)
twin_w28                     len90     11.055  ci 10.49-11.68  arrived 1%  (1s)
twin_w28                     drift05   5.930  ci 5.59-6.29  arrived 3%  (0s)
twin_w28                     drift15   5.934  ci 5.59-6.30  arrived 3%  (0s)
twin_w28                     stop10    5.682  ci 5.35-6.02  arrived 1%  (0s)
twin_w28                     stop30    5.610  ci 5.32-5.92  arrived 1%  (1s)
twin_w28                     trips5    6.246  ci 6.04-6.46  arrived 2%  (1s)
twin_w40                     std30     5.944  ci 5.60-6.32  arrived 3%  (0s)
twin_w40                     std30_1k  6.350  ci 6.19-6.52  arrived 1%  (1s)
twin_w40                     len45     7.721  ci 7.30-8.13  arrived 0%  (1s)
twin_w40                     len60     8.600  ci 8.08-9.09  arrived 1%  (1s)
twin_w40                     len90     11.118  ci 10.56-11.74  arrived 1%  (1s)
twin_w40                     drift05   5.944  ci 5.60-6.32  arrived 3%  (0s)
twin_w40                     drift15   5.944  ci 5.60-6.32  arrived 3%  (0s)
twin_w40                     stop10    5.733  ci 5.40-6.09  arrived 2%  (0s)
twin_w40                     stop30    5.622  ci 5.32-5.93  arrived 3%  (0s)
twin_w40                     trips5    6.263  ci 6.06-6.48  arrived 2%  (1s)
twin_w41                     std30     5.982  ci 5.64-6.35  arrived 2%  (0s)
twin_w41                     std30_1k  6.356  ci 6.20-6.52  arrived 1%  (1s)
twin_w41                     len45     7.737  ci 7.32-8.16  arrived 1%  (1s)
twin_w41                     len60     8.613  ci 8.10-9.11  arrived 0%  (1s)
twin_w41                     len90     11.090  ci 10.51-11.71  arrived 1%  (1s)
twin_w41                     drift05   5.982  ci 5.64-6.35  arrived 2%  (0s)
twin_w41                     drift15   5.983  ci 5.64-6.35  arrived 2%  (0s)
twin_w41                     stop10    5.719  ci 5.38-6.07  arrived 1%  (0s)
twin_w41                     stop30    5.610  ci 5.30-5.92  arrived 2%  (1s)
twin_w41                     trips5    6.282  ci 6.07-6.50  arrived 2%  (1s)
twin_w45                     std30     5.682  ci 5.34-6.04  arrived 3%  (0s)
twin_w45                     std30_1k  6.075  ci 5.92-6.24  arrived 2%  (1s)
twin_w45                     len45     7.395  ci 6.97-7.82  arrived 1%  (1s)
twin_w45                     len60     8.196  ci 7.69-8.68  arrived 2%  (1s)
twin_w45                     len90     10.633  ci 10.05-11.27  arrived 3%  (1s)
twin_w45                     drift05   5.679  ci 5.34-6.03  arrived 3%  (0s)
twin_w45                     drift15   5.707  ci 5.37-6.07  arrived 3%  (0s)
twin_w45                     stop10    5.467  ci 5.13-5.81  arrived 4%  (0s)
twin_w45                     stop30    5.367  ci 5.07-5.68  arrived 2%  (1s)
twin_w45                     trips5    5.981  ci 5.77-6.20  arrived 3%  (1s)
