gru_c0_lr3e-4                std30     5.810  ci 5.47-6.17  arrived 3%  (1s)
gru_c0_lr3e-4                std30_1k  6.201  ci 6.05-6.37  arrived 2%  (3s)
gru_c0_lr3e-4                len45     7.555  ci 7.12-7.98  arrived 0%  (2s)
gru_c0_lr3e-4                len60     8.399  ci 7.89-8.87  arrived 1%  (2s)
gru_c0_lr3e-4                len90     10.832  ci 10.24-11.45  arrived 2%  (3s)
gru_c0_lr3e-4                drift05   5.809  ci 5.47-6.17  arrived 3%  (1s)
gru_c0_lr3e-4                drift15   5.810  ci 5.47-6.17  arrived 3%  (1s)
gru_c0_lr3e-4                stop10    5.564  ci 5.23-5.90  arrived 2%  (1s)
gru_c0_lr3e-4                stop30    5.484  ci 5.19-5.79  arrived 2%  (1s)
gru_c0_lr3e-4                trips5    6.125  ci 5.91-6.34  arrived 2%  (2s)
gru_c1_lr3e-4                std30     5.907  ci 5.56-6.27  arrived 2%  (1s)
gru_c1_lr3e-4                std30_1k  6.241  ci 6.09-6.40  arrived 2%  (3s)
gru_c1_lr3e-4                len45     7.642  ci 7.23-8.06  arrived 0%  (1s)
gru_c1_lr3e-4                len60     8.488  ci 7.98-8.97  arrived 0%  (2s)
gru_c1_lr3e-4                len90     11.004  ci 10.43-11.62  arrived 1%  (3s)
gru_c1_lr3e-4                drift05   5.907  ci 5.56-6.27  arrived 2%  (1s)
gru_c1_lr3e-4                drift15   5.907  ci 5.56-6.27  arrived 2%  (1s)
gru_c1_lr3e-4                stop10    5.621  ci 5.29-5.96  arrived 3%  (1s)
gru_c1_lr3e-4                stop30    5.521  ci 5.22-5.83  arrived 2%  (1s)
gru_c1_lr3e-4                trips5    6.204  ci 6.00-6.42  arrived 2%  (2s)
gru_c2_lr3e-4                std30     5.877  ci 5.54-6.24  arrived 3%  (1s)
gru_c2_lr3e-4                std30_1k  6.245  ci 6.10-6.41  arrived 2%  (3s)
gru_c2_lr3e-4                len45     7.621  ci 7.22-8.03  arrived 0%  (1s)
gru_c2_lr3e-4                len60     8.461  ci 7.95-8.94  arrived 1%  (2s)
gru_c2_lr3e-4                len90     10.936  ci 10.36-11.56  arrived 1%  (3s)
gru_c2_lr3e-4                drift05   5.877  ci 5.54-6.24  arrived 3%  (1s)
gru_c2_lr3e-4                drift15   5.877  ci 5.54-6.24  arrived 3%  (1s)
gru_c2_lr3e-4                stop10    5.650  ci 5.32-5.99  arrived 4%  (1s)
gru_c2_lr3e-4                stop30    5.535  ci 5.24-5.84  arrived 3%  (1s)
gru_c2_lr3e-4                trips5    6.166  ci 5.96-6.38  arrived 2%  (2s)
twinB_w28                    std30     5.890  ci 5.54-6.26  arrived 3%  (1s)
twinB_w28                    std30_1k  6.253  ci 6.10-6.42  arrived 2%  (2s)
twinB_w28                    len45     7.617  ci 7.20-8.04  arrived 1%  (1s)
twinB_w28                    len60     8.499  ci 7.98-8.99  arrived 1%  (2s)
twinB_w28                    len90     10.981  ci 10.41-11.62  arrived 1%  (3s)
twinB_w28                    drift05   5.889  ci 5.54-6.26  arrived 3%  (1s)
twinB_w28                    drift15   5.887  ci 5.53-6.25  arrived 3%  (1s)
twinB_w28                    stop10    5.649  ci 5.31-6.00  arrived 2%  (1s)
twinB_w28                    stop30    5.549  ci 5.25-5.86  arrived 3%  (1s)
twinB_w28                    trips5    6.181  ci 5.97-6.39  arrived 2%  (2s)
twinB_w40                    std30     5.948  ci 5.60-6.31  arrived 3%  (1s)
twinB_w40                    std30_1k  6.314  ci 6.16-6.48  arrived 2%  (2s)
twinB_w40                    len45     7.686  ci 7.27-8.12  arrived 0%  (1s)
twinB_w40                    len60     8.584  ci 8.08-9.08  arrived 1%  (2s)
twinB_w40                    len90     11.073  ci 10.49-11.68  arrived 1%  (3s)
twinB_w40                    drift05   5.951  ci 5.60-6.31  arrived 3%  (1s)
twinB_w40                    drift15   5.956  ci 5.61-6.31  arrived 3%  (1s)
twinB_w40                    stop10    5.701  ci 5.36-6.04  arrived 2%  (1s)
twinB_w40                    stop30    5.581  ci 5.28-5.89  arrived 2%  (1s)
twinB_w40                    trips5    6.229  ci 6.02-6.45  arrived 2%  (2s)
twinB_w41                    std30     5.884  ci 5.53-6.26  arrived 2%  (1s)
twinB_w41                    std30_1k  6.239  ci 6.08-6.40  arrived 2%  (2s)
twinB_w41                    len45     7.609  ci 7.19-8.04  arrived 0%  (1s)
twinB_w41                    len60     8.500  ci 7.99-8.99  arrived 1%  (2s)
twinB_w41                    len90     10.956  ci 10.39-11.59  arrived 2%  (3s)
twinB_w41                    drift05   5.885  ci 5.53-6.26  arrived 2%  (1s)
twinB_w41                    drift15   5.884  ci 5.53-6.26  arrived 3%  (1s)
twinB_w41                    stop10    5.670  ci 5.33-6.03  arrived 2%  (1s)
twinB_w41                    stop30    5.561  ci 5.27-5.87  arrived 2%  (1s)
twinB_w41                    trips5    6.196  ci 5.98-6.41  arrived 2%  (2s)
twinB_w45                    std30     5.892  ci 5.54-6.27  arrived 3%  (1s)
twinB_w45                    std30_1k  6.289  ci 6.14-6.45  arrived 2%  (2s)
twinB_w45                    len45     7.647  ci 7.22-8.08  arrived 0%  (1s)
twinB_w45                    len60     8.542  ci 8.04-9.04  arrived 1%  (2s)
twinB_w45                    len90     10.985  ci 10.43-11.61  arrived 1%  (3s)
twinB_w45                    drift05   5.891  ci 5.54-6.27  arrived 3%  (1s)
twinB_w45                    drift15   5.892  ci 5.54-6.27  arrived 3%  (1s)
twinB_w45                    stop10    5.667  ci 5.33-6.01  arrived 2%  (1s)
twinB_w45                    stop30    5.560  ci 5.26-5.87  arrived 2%  (1s)
twinB_w45                    trips5    6.184  ci 5.97-6.41  arrived 2%  (2s)
twin_c0_lr3e-4               std30     5.861  ci 5.52-6.23  arrived 3%  (1s)
twin_c0_lr3e-4               std30_1k  6.224  ci 6.07-6.39  arrived 2%  (2s)
twin_c0_lr3e-4               len45     7.554  ci 7.13-7.98  arrived 0%  (1s)
twin_c0_lr3e-4               len60     8.421  ci 7.90-8.90  arrived 1%  (2s)
twin_c0_lr3e-4               len90     10.890  ci 10.33-11.51  arrived 1%  (3s)
twin_c0_lr3e-4               drift05   5.861  ci 5.52-6.23  arrived 3%  (1s)
twin_c0_lr3e-4               drift15   5.861  ci 5.52-6.23  arrived 3%  (1s)
twin_c0_lr3e-4               stop10    5.642  ci 5.31-5.99  arrived 2%  (1s)
twin_c0_lr3e-4               stop30    5.479  ci 5.17-5.78  arrived 4%  (1s)
twin_c0_lr3e-4               trips5    6.155  ci 5.94-6.38  arrived 3%  (2s)
twin_c1_lr3e-4               std30     5.834  ci 5.49-6.19  arrived 4%  (1s)
twin_c1_lr3e-4               std30_1k  6.223  ci 6.07-6.39  arrived 2%  (2s)
twin_c1_lr3e-4               len45     7.603  ci 7.19-8.03  arrived 0%  (1s)
twin_c1_lr3e-4               len60     8.474  ci 7.96-8.95  arrived 1%  (2s)
twin_c1_lr3e-4               len90     10.921  ci 10.34-11.55  arrived 1%  (3s)
twin_c1_lr3e-4               drift05   5.834  ci 5.49-6.19  arrived 4%  (1s)
twin_c1_lr3e-4               drift15   5.834  ci 5.49-6.19  arrived 4%  (1s)
twin_c1_lr3e-4               stop10    5.622  ci 5.29-5.97  arrived 3%  (1s)
twin_c1_lr3e-4               stop30    5.515  ci 5.22-5.83  arrived 3%  (1s)
twin_c1_lr3e-4               trips5    6.140  ci 5.94-6.35  arrived 3%  (2s)
twin_c2_lr3e-4               std30     5.876  ci 5.53-6.23  arrived 2%  (1s)
twin_c2_lr3e-4               std30_1k  6.255  ci 6.10-6.42  arrived 1%  (2s)
twin_c2_lr3e-4               len45     7.610  ci 7.20-8.02  arrived 0%  (1s)
twin_c2_lr3e-4               len60     8.470  ci 7.95-8.96  arrived 1%  (2s)
twin_c2_lr3e-4               len90     10.916  ci 10.33-11.52  arrived 1%  (3s)
twin_c2_lr3e-4               drift05   5.876  ci 5.53-6.23  arrived 2%  (1s)
twin_c2_lr3e-4               drift15   5.876  ci 5.53-6.23  arrived 2%  (1s)
twin_c2_lr3e-4               stop10    5.636  ci 5.30-5.97  arrived 3%  (1s)
twin_c2_lr3e-4               stop30    5.527  ci 5.22-5.83  arrived 3%  (1s)
twin_c2_lr3e-4               trips5    6.169  ci 5.95-6.39  arrived 2%  (2s)
