gru_aux0                     std30     2.110  ci 1.90-2.33  arrived 26%  (1s)
gru_aux0                     std30_1k  2.311  ci 2.21-2.42  arrived 26%  (2s)
gru_aux0                     len45     2.572  ci 2.31-2.86  arrived 22%  (1s)
gru_aux0                     len60     2.927  ci 2.67-3.23  arrived 17%  (1s)
gru_aux0                     len90     5.046  ci 4.62-5.48  arrived 9%  (2s)
gru_aux0                     drift05   2.497  ci 2.27-2.73  arrived 23%  (1s)
gru_aux0                     drift15   3.595  ci 3.33-3.87  arrived 10%  (1s)
gru_aux0                     stop10    2.106  ci 1.91-2.30  arrived 22%  (1s)
gru_aux0                     stop30    2.286  ci 2.12-2.47  arrived 19%  (1s)
gru_aux0                     trips5    2.212  ci 2.07-2.36  arrived 26%  (2s)
gru_aux1                     std30     2.984  ci 2.72-3.25  arrived 18%  (1s)
gru_aux1                     std30_1k  3.054  ci 2.93-3.17  arrived 16%  (2s)
gru_aux1                     len45     3.654  ci 3.34-4.00  arrived 12%  (1s)
gru_aux1                     len60     4.102  ci 3.79-4.42  arrived 8%  (1s)
gru_aux1                     len90     5.873  ci 5.49-6.27  arrived 9%  (2s)
gru_aux1                     drift05   3.216  ci 2.95-3.50  arrived 13%  (1s)
gru_aux1                     drift15   3.959  ci 3.67-4.29  arrived 8%  (1s)
gru_aux1                     stop10    2.786  ci 2.53-3.05  arrived 16%  (1s)
gru_aux1                     stop30    3.036  ci 2.82-3.26  arrived 13%  (1s)
gru_aux1                     trips5    2.991  ci 2.81-3.18  arrived 17%  (2s)
twin_aux0                    std30     1.939  ci 1.74-2.15  arrived 29%  (1s)
twin_aux0                    std30_1k  2.099  ci 2.00-2.20  arrived 25%  (2s)
twin_aux0                    len45     2.068  ci 1.84-2.31  arrived 25%  (1s)
twin_aux0                    len60     2.494  ci 2.24-2.76  arrived 25%  (1s)
twin_aux0                    len90     3.575  ci 3.28-3.91  arrived 17%  (2s)
twin_aux0                    drift05   2.305  ci 2.10-2.51  arrived 20%  (1s)
twin_aux0                    drift15   3.518  ci 3.26-3.80  arrived 12%  (1s)
twin_aux0                    stop10    2.034  ci 1.84-2.22  arrived 21%  (1s)
twin_aux0                    stop30    2.170  ci 2.00-2.35  arrived 18%  (1s)
twin_aux0                    trips5    2.060  ci 1.93-2.20  arrived 26%  (2s)
twin_aux1                    std30     2.607  ci 2.37-2.85  arrived 23%  (1s)
twin_aux1                    std30_1k  2.682  ci 2.57-2.79  arrived 20%  (2s)
twin_aux1                    len45     3.199  ci 2.90-3.53  arrived 19%  (1s)
twin_aux1                    len60     3.721  ci 3.37-4.07  arrived 14%  (2s)
twin_aux1                    len90     5.052  ci 4.63-5.49  arrived 8%  (2s)
twin_aux1                    drift05   2.839  ci 2.60-3.08  arrived 19%  (1s)
twin_aux1                    drift15   3.786  ci 3.51-4.08  arrived 12%  (1s)
twin_aux1                    stop10    2.607  ci 2.38-2.83  arrived 17%  (1s)
twin_aux1                    stop30    2.741  ci 2.53-2.98  arrived 17%  (1s)
twin_aux1                    trips5    2.681  ci 2.52-2.84  arrived 22%  (2s)
