fw_c0                        std30     1.862  ci 1.71-2.01  arrived 26%  (4s)
fw_c0                        std30_1k  2.058  ci 1.98-2.13  arrived 21%  (9s)
fw_c0                        len45     2.273  ci 2.10-2.47  arrived 19%  (3s)
fw_c0                        len60     2.860  ci 2.65-3.08  arrived 12%  (4s)
fw_c0                        len90     4.802  ci 4.45-5.19  arrived 7%  (6s)
fw_c0                        drift05   2.258  ci 2.08-2.43  arrived 19%  (2s)
fw_c0                        drift15   3.403  ci 3.15-3.66  arrived 11%  (2s)
fw_c0                        stop10    2.076  ci 1.91-2.24  arrived 18%  (2s)
fw_c0                        stop30    2.736  ci 2.57-2.92  arrived 12%  (3s)
fw_c0                        trips5    2.287  ci 2.18-2.41  arrived 18%  (5s)
fw_c1                        std30     5.233  ci 4.90-5.58  arrived 4%  (4s)
fw_c1                        std30_1k  5.638  ci 5.49-5.80  arrived 3%  (9s)
fw_c1                        len45     6.710  ci 6.31-7.13  arrived 3%  (3s)
fw_c1                        len60     7.478  ci 6.97-7.97  arrived 2%  (4s)
fw_c1                        len90     9.502  ci 8.94-10.13  arrived 4%  (6s)
fw_c1                        drift05   5.276  ci 4.95-5.63  arrived 4%  (2s)
fw_c1                        drift15   5.417  ci 5.07-5.78  arrived 4%  (2s)
fw_c1                        stop10    5.083  ci 4.77-5.41  arrived 5%  (2s)
fw_c1                        stop30    4.933  ci 4.65-5.23  arrived 4%  (2s)
fw_c1                        trips5    5.604  ci 5.38-5.82  arrived 3%  (5s)
fw_c2                        std30     2.598  ci 2.39-2.82  arrived 17%  (4s)
fw_c2                        std30_1k  2.760  ci 2.66-2.86  arrived 15%  (9s)
fw_c2                        len45     3.534  ci 3.25-3.84  arrived 10%  (3s)
fw_c2                        len60     4.188  ci 3.85-4.52  arrived 9%  (4s)
fw_c2                        len90     6.465  ci 5.98-6.97  arrived 6%  (6s)
fw_c2                        drift05   2.823  ci 2.61-3.05  arrived 15%  (2s)
fw_c2                        drift15   3.699  ci 3.42-3.98  arrived 11%  (2s)
fw_c2                        stop10    2.797  ci 2.57-3.02  arrived 15%  (2s)
fw_c2                        stop30    3.476  ci 3.25-3.72  arrived 10%  (3s)
fw_c2                        trips5    2.820  ci 2.67-2.97  arrived 15%  (5s)
