16:50:15 start mkdir -p level4/runs/r6e4_hebbl_s0 && echo '{"run": "r6e4_hebbl_s0", "arm": "E4-kvq_hebbl"}' > level4/runs/r6e
16:56:19 start mkdir -p level4/runs/r6e4_hebbl_s1 && echo '{"run": "r6e4_hebbl_s1", "arm": "E4-kvq_hebbl"}' > level4/runs/r6e
16:56:32 start mkdir -p level4/runs/r6e4_hebbl_s2 && echo '{"run": "r6e4_hebbl_s2", "arm": "E4-kvq_hebbl"}' > level4/runs/r6e
16:56:34 start mkdir -p level4/runs/r6e4_hebbl_s3 && echo '{"run": "r6e4_hebbl_s3", "arm": "E4-kvq_hebbl"}' > level4/runs/r6e
16:56:36 start mkdir -p level4/runs/r6e4_hebbl_aux_s0 && echo '{"run": "r6e4_hebbl_aux_s0", "arm": "E4-kvq_hebbl-teacher"}' >
16:58:39 start mkdir -p level4/runs/r6e4_hebbl_aux_s1 && echo '{"run": "r6e4_hebbl_aux_s1", "arm": "E4-kvq_hebbl-teacher"}' >
16:59:41 start python3 level4/bench.py --arch fw_deltanA --seed 1 > level4/bench/fw_deltanA_s1.out 2>&1
17:00:44 start python3 level4/bench.py --arch fw_deltanA --seed 2 > level4/bench/fw_deltanA_s2.out 2>&1
17:01:06 start mkdir -p level4/runs/r6e1_fw_deltan_s0 && echo '{"run": "r6e1_fw_deltan_s0", "arm": "E1-fw_deltan"}' > level4/
17:01:18 start mkdir -p level4/runs/r6e1_fw_deltanA_s0 && echo '{"run": "r6e1_fw_deltanA_s0", "arm": "E1-fw_deltanA"}' > leve
17:02:11 start mkdir -p level4/runs/r6e1_fw_deltan_s1 && echo '{"run": "r6e1_fw_deltan_s1", "arm": "E1-fw_deltan"}' > level4/
17:02:33 start mkdir -p level4/runs/r6e1_fw_deltanA_s1 && echo '{"run": "r6e1_fw_deltanA_s1", "arm": "E1-fw_deltanA"}' > leve
17:03:05 start mkdir -p level4/runs/r6e1_fw_deltan_s2 && echo '{"run": "r6e1_fw_deltan_s2", "arm": "E1-fw_deltan"}' > level4/
17:03:58 start mkdir -p level4/runs/r6e1_fw_deltanA_s2 && echo '{"run": "r6e1_fw_deltanA_s2", "arm": "E1-fw_deltanA"}' > leve
17:05:00 start mkdir -p level4/bench && python3 level4/bench.py --arch kvq_hebb --seed 1 > level4/bench/kvq_hebb_s1.out 2>&1
17:05:32 start mkdir -p level4/bench && python3 level4/bench.py --arch kvq_gdelta --seed 1 > level4/bench/kvq_gdelta_s1.out 2
17:06:15 start mkdir -p level4/bench && python3 level4/bench.py --arch kvq_delta --seed 1 > level4/bench/kvq_delta_s1.out 2>&
17:06:17 start mkdir -p level4/bench && python3 level4/bench.py --arch kvq_titans --seed 1 > level4/bench/kvq_titans_s1.out 2
17:06:49 start mkdir -p level4/bench && python3 level4/bench.py --arch mamba --seed 1 > level4/bench/mamba_s1.out 2>&1
17:12:53 start mkdir -p level4/bench && python3 level4/bench.py --arch transformer --seed 1 > level4/bench/transformer_s1.out
17:14:05 start mkdir -p level4/bench && python3 level4/bench.py --arch twin --seed 1 > level4/bench/twin_s1.out 2>&1
17:14:08 start mkdir -p level4/bench && python3 level4/bench.py --arch gru --seed 1 > level4/bench/gru_s1.out 2>&1
17:15:10 start mkdir -p level4/bench && python3 level4/bench.py --arch fw_hebb --seed 2 > level4/bench/fw_hebb_s2.out 2>&1
17:16:02 start mkdir -p level4/bench && python3 level4/bench.py --arch fw_delta --seed 2 > level4/bench/fw_delta_s2.out 2>&1
