arch fw trainable numbers 8708
it     0 stage 0 t_out 10  loss 4.79 score 2.29 run 2.29  drift F 2.15 noF 2.22  0.63s/it
it   100 stage 0 t_out 10  loss 3.81 score 2.24 run 1.86  drift F 1.82 noF 2.19  0.58s/it
it   200 stage 0 t_out 10  loss 2.62 score 2.00 run 2.08  drift F 2.14 noF 2.06  0.58s/it
it   300 stage 0 t_out 10  loss 3.06 score 2.54 run 2.22  drift F 2.29 noF 2.24  0.60s/it
it   400 stage 0 t_out 10  loss 2.56 score 2.21 run 2.30  drift F 2.33 noF 2.21  0.62s/it
it   500 stage 0 t_out 10  loss 2.62 score 2.29 run 2.34  drift F 2.44 noF 2.33  0.60s/it
it   600 stage 0 t_out 10  loss 2.81 score 2.44 run 2.34  drift F 2.48 noF 2.37  0.60s/it
iteration 700: promoted to stage 1 (20.0 s)
it   700 stage 1 t_out 10  loss 2.95 score 2.57 run 2.36  drift F 2.38 noF 2.28  0.62s/it
it   800 stage 1 t_out 20  loss 5.23 score 4.74 run 4.45  drift F 4.96 noF 4.77  1.23s/it
it   900 stage 1 t_out 20  loss 4.86 score 4.40 run 4.48  drift F 4.53 noF 4.36  1.25s/it
it  1000 stage 1 t_out 20  loss 5.00 score 4.56 run 4.52  drift F 4.75 noF 4.59  1.27s/it
it  1100 stage 1 t_out 20  loss 4.57 score 4.12 run 4.47  drift F 4.36 noF 4.25  1.29s/it
it  1200 stage 1 t_out 20  loss 5.02 score 4.51 run 4.60  drift F 4.60 noF 4.45  1.29s/it
it  1300 stage 1 t_out 20  loss 4.52 score 4.10 run 4.53  drift F 4.43 noF 4.28  1.31s/it
it  1400 stage 1 t_out 20  loss 4.87 score 4.40 run 4.58  drift F 4.48 noF 4.29  1.31s/it
iteration 1401: promoted to stage 2 (30.0 s)
it  1500 stage 2 t_out 30  loss 6.42 score 5.86 run 6.04  drift F 5.86 noF 5.71  1.96s/it
it  1600 stage 2 t_out 30  loss 6.53 score 6.00 run 5.91  drift F 5.98 noF 5.78  1.99s/it
it  1700 stage 2 t_out 30  loss 6.90 score 6.30 run 5.97  drift F 6.12 noF 5.95  1.96s/it
it  1800 stage 2 t_out 30  loss 6.74 score 6.17 run 5.96  drift F 5.59 noF 5.48  1.95s/it
it  1900 stage 2 t_out 30  loss 6.86 score 6.26 run 6.01  drift F 6.69 noF 6.57  1.96s/it
