arch fw trainable numbers 8708
it     0 stage 0 t_out 10  loss 5.05 score 2.29 run 2.29  drift F 2.29 noF 2.35  0.62s/it
it   100 stage 0 t_out 10  loss 2.81 score 2.39 run 2.26  drift F 2.38 noF 2.30  0.58s/it
it   200 stage 0 t_out 10  loss 3.06 score 2.65 run 2.35  drift F 2.35 noF 2.31  0.58s/it
it   300 stage 0 t_out 10  loss 2.62 score 2.24 run 2.34  drift F 2.43 noF 2.37  0.61s/it
it   400 stage 0 t_out 10  loss 2.68 score 2.35 run 2.41  drift F 2.36 noF 2.34  0.61s/it
it   500 stage 0 t_out 10  loss 2.57 score 2.23 run 2.40  drift F 2.42 noF 2.45  0.64s/it
it   600 stage 0 t_out 10  loss 2.78 score 2.44 run 2.40  drift F 2.48 noF 2.49  0.60s/it
iteration 700: promoted to stage 1 (20.0 s)
it   700 stage 1 t_out 10  loss 2.86 score 2.53 run 2.38  drift F 2.38 noF 2.40  0.59s/it
it   800 stage 1 t_out 20  loss 4.61 score 4.18 run 4.53  drift F 5.04 noF 4.94  1.23s/it
it   900 stage 1 t_out 20  loss 5.35 score 4.91 run 4.59  drift F 4.62 noF 4.55  1.26s/it
it  1000 stage 1 t_out 20  loss 4.98 score 4.55 run 4.52  drift F 4.82 noF 4.76  1.28s/it
it  1100 stage 1 t_out 20  loss 4.89 score 4.44 run 4.53  drift F 4.38 noF 4.42  1.29s/it
it  1200 stage 1 t_out 20  loss 5.29 score 4.84 run 4.52  drift F 4.65 noF 4.60  1.30s/it
it  1300 stage 1 t_out 20  loss 5.28 score 4.82 run 4.49  drift F 4.46 noF 4.42  1.31s/it
it  1400 stage 1 t_out 20  loss 5.54 score 5.03 run 4.54  drift F 4.45 noF 4.44  1.31s/it
iteration 1401: promoted to stage 2 (30.0 s)
it  1500 stage 2 t_out 30  loss 6.66 score 6.14 run 5.96  drift F 5.97 noF 5.82  1.97s/it
it  1600 stage 2 t_out 30  loss 6.35 score 5.82 run 5.91  drift F 5.96 noF 5.93  2.00s/it
it  1700 stage 2 t_out 30  loss 6.58 score 6.04 run 6.05  drift F 6.07 noF 6.04  1.96s/it
it  1800 stage 2 t_out 30  loss 6.59 score 6.09 run 6.01  drift F 5.59 noF 5.57  1.96s/it
it  1900 stage 2 t_out 30  loss 6.34 score 5.83 run 6.01  drift F 6.75 noF 6.71  1.97s/it
