arch fw trainable numbers 8708
it     0 stage 0 t_out 10  loss 4.63 score 2.23 run 2.23  drift F 2.13 noF 2.11  1.06s/it
it   100 stage 0 t_out 10  loss 2.40 score 1.93 run 2.11  drift F 2.03 noF 2.25  1.17s/it
it   200 stage 0 t_out 10  loss 1.87 score 1.49 run 1.77  drift F 1.64 noF 2.26  0.79s/it
iteration 247: promoted to stage 1 (20.0 s)
it   300 stage 1 t_out 20  loss 5.04 score 3.37 run 3.21  drift F 3.44 noF 4.32  1.83s/it
it   400 stage 1 t_out 20  loss 4.95 score 4.36 run 4.43  drift F 3.91 noF 3.98  2.19s/it
it   500 stage 1 t_out 20  loss 4.49 score 3.80 run 4.26  drift F 4.58 noF 4.69  2.25s/it
it   600 stage 1 t_out 20  loss 4.86 score 4.21 run 4.37  drift F 4.40 noF 4.29  2.58s/it
it   700 stage 1 t_out 20  loss 4.67 score 3.94 run 4.29  drift F 3.83 noF 3.90  2.35s/it
it   800 stage 1 t_out 20  loss 4.79 score 4.22 run 4.45  drift F 4.83 noF 4.81  2.63s/it
it   900 stage 1 t_out 20  loss 5.29 score 4.70 run 4.48  drift F 4.46 noF 4.37  2.82s/it
it  1000 stage 1 t_out 20  loss 4.60 score 4.13 run 4.45  drift F 4.76 noF 4.71  2.99s/it
it  1100 stage 1 t_out 20  loss 4.64 score 4.17 run 4.47  drift F 4.36 noF 4.27  2.76s/it
it  1200 stage 1 t_out 20  loss 4.51 score 4.07 run 4.56  drift F 4.60 noF 4.47  2.96s/it
it  1300 stage 1 t_out 20  loss 5.21 score 4.63 run 4.41  drift F 4.40 noF 4.27  2.70s/it
it  1400 stage 1 t_out 20  loss 4.64 score 4.21 run 4.44  drift F 4.45 noF 4.42  2.64s/it
it  1500 stage 1 t_out 20  loss 4.67 score 4.16 run 4.53  drift F 4.30 noF 4.14  2.56s/it
it  1600 stage 1 t_out 20  loss 5.61 score 5.11 run 4.52  drift F 4.39 noF 4.34  2.62s/it
it  1700 stage 1 t_out 20  loss 4.91 score 4.42 run 4.58  drift F 4.12 noF 4.21  2.36s/it
iteration 1748: promoted to stage 2 (30.0 s)
it  1800 stage 2 t_out 30  loss 6.28 score 5.67 run 5.94  drift F 5.50 noF 5.51  2.74s/it
it  1900 stage 2 t_out 30  loss 6.44 score 5.85 run 5.90  drift F 6.62 noF 6.64  2.89s/it
it  2000 stage 2 t_out 30  loss 6.55 score 5.89 run 5.92  drift F 6.08 noF 6.16  1.76s/it
it  2100 stage 2 t_out 30  loss 7.12 score 6.47 run 5.90  drift F 6.01 noF 6.08  1.81s/it
it  2200 stage 2 t_out 30  loss 6.07 score 5.48 run 5.90  drift F 5.98 noF 6.02  1.92s/it
it  2300 stage 2 t_out 30  loss 6.41 score 5.72 run 5.84  drift F 6.08 noF 6.23  1.82s/it
it  2400 stage 2 t_out 30  loss 7.41 score 6.82 run 6.10  drift F 5.66 noF 5.60  2.26s/it
it  2500 stage 2 t_out 30  loss 6.01 score 5.49 run 5.82  drift F 5.77 noF 5.76  2.25s/it
it  2600 stage 2 t_out 30  loss 5.84 score 5.24 run 5.70  drift F 5.66 noF 5.82  1.83s/it
it  2700 stage 2 t_out 30  loss 7.04 score 6.39 run 5.55  drift F 5.57 noF 6.02  1.77s/it
it  2800 stage 2 t_out 30  loss 5.96 score 5.19 run 5.67  drift F 6.15 noF 6.50  1.74s/it
it  2900 stage 2 t_out 30  loss 5.95 score 5.29 run 5.60  drift F 5.94 noF 6.33  1.73s/it
it  3000 stage 2 t_out 30  loss 6.01 score 5.44 run 5.54  drift F 5.26 noF 5.68  1.73s/it
it  3100 stage 2 t_out 30  loss 6.35 score 5.66 run 5.59  drift F 5.94 noF 6.35  1.78s/it
it  3200 stage 2 t_out 30  loss 6.45 score 5.86 run 5.55  drift F 4.69 noF 5.14  1.78s/it
it  3300 stage 2 t_out 30  loss 6.19 score 5.40 run 5.49  drift F 5.90 noF 6.56  1.82s/it
it  3400 stage 2 t_out 30  loss 5.92 score 5.34 run 5.53  drift F 5.53 noF 6.02  1.79s/it
it  3500 stage 2 t_out 30  loss 5.75 score 5.12 run 5.35  drift F 5.10 noF 5.59  1.80s/it
it  3600 stage 2 t_out 30  loss 6.59 score 5.99 run 5.43  drift F 5.60 noF 6.28  1.64s/it
it  3700 stage 2 t_out 30  loss 5.90 score 5.37 run 5.29  drift F 5.20 noF 5.99  1.71s/it
it  3800 stage 2 t_out 30  loss 6.63 score 5.92 run 5.34  drift F 5.45 noF 6.19  1.64s/it
it  3900 stage 2 t_out 30  loss 6.09 score 5.56 run 5.42  drift F 4.98 noF 5.45  1.51s/it
finished
