arch fw trainable numbers 8708
it     0 stage 0 t_out 10  loss 5.05 score 2.29 run 2.29  drift F 2.29 noF 2.35  1.05s/it
it   100 stage 0 t_out 10  loss 2.74 score 2.24 run 2.23  drift F 2.19 noF 2.24  1.17s/it
it   200 stage 0 t_out 10  loss 2.71 score 2.28 run 2.15  drift F 2.03 noF 2.29  0.79s/it
it   300 stage 0 t_out 10  loss 2.42 score 1.97 run 1.81  drift F 2.17 noF 2.25  0.92s/it
it   400 stage 0 t_out 10  loss 1.97 score 1.59 run 1.58  drift F 1.60 noF 2.26  1.10s/it
iteration 447: promoted to stage 1 (20.0 s)
it   500 stage 1 t_out 20  loss 3.22 score 2.52 run 3.12  drift F 3.40 noF 4.70  2.18s/it
it   600 stage 1 t_out 20  loss 3.44 score 2.63 run 2.76  drift F 2.53 noF 4.36  2.28s/it
it   700 stage 1 t_out 20  loss 3.77 score 3.14 run 3.00  drift F 2.77 noF 3.79  2.59s/it
it   800 stage 1 t_out 20  loss 4.54 score 3.40 run 3.62  drift F 4.37 noF 4.61  2.33s/it
it   900 stage 1 t_out 20  loss 3.94 score 3.01 run 3.06  drift F 2.75 noF 4.32  2.63s/it
it  1000 stage 1 t_out 20  loss 3.26 score 2.83 run 2.74  drift F 3.05 noF 4.58  2.81s/it
it  1100 stage 1 t_out 20  loss 2.74 score 2.13 run 2.42  drift F 2.24 noF 4.21  3.00s/it
it  1200 stage 1 t_out 20  loss 2.87 score 2.30 run 2.31  drift F 2.20 noF 4.44  2.76s/it
it  1300 stage 1 t_out 20  loss 2.56 score 1.73 run 2.04  drift F 1.89 noF 4.11  2.99s/it
it  1400 stage 1 t_out 20  loss 2.55 score 1.89 run 1.95  drift F 1.62 noF 4.24  2.70s/it
it  1500 stage 1 t_out 20  loss 2.71 score 2.21 run 2.02  drift F 1.90 noF 4.01  2.64s/it
it  1600 stage 1 t_out 20  loss 2.54 score 2.02 run 2.00  drift F 1.90 noF 4.29  2.56s/it
it  1700 stage 1 t_out 20  loss 1.99 score 1.47 run 1.77  drift F 1.48 noF 3.95  2.62s/it
it  1800 stage 1 t_out 20  loss 1.85 score 1.20 run 1.75  drift F 1.97 noF 4.69  2.39s/it
it  1900 stage 1 t_out 20  loss 2.03 score 1.52 run 1.69  drift F 1.34 noF 3.91  1.84s/it
iteration 1948: promoted to stage 2 (30.0 s)
it  2000 stage 2 t_out 30  loss 2.77 score 1.76 run 2.26  drift F 2.23 noF 5.88  2.76s/it
it  2100 stage 2 t_out 30  loss 3.01 score 2.34 run 2.80  drift F 2.41 noF 5.85  2.18s/it
it  2200 stage 2 t_out 30  loss 2.70 score 1.91 run 2.20  drift F 2.12 noF 5.81  1.88s/it
it  2300 stage 2 t_out 30  loss 5.63 score 3.11 run 2.24  drift F 3.13 noF 5.74  1.87s/it
it  2400 stage 2 t_out 30  loss 4.69 score 2.47 run 3.70  drift F 3.02 noF 5.53  1.83s/it
it  2500 stage 2 t_out 30  loss 5.77 score 4.64 run 3.74  drift F 4.02 noF 5.64  1.82s/it
it  2600 stage 2 t_out 30  loss 4.76 score 4.12 run 4.22  drift F 3.79 noF 5.47  1.91s/it
it  2700 stage 2 t_out 30  loss 2.59 score 2.06 run 2.75  drift F 2.32 noF 5.72  1.94s/it
it  2800 stage 2 t_out 30  loss 2.21 score 1.60 run 1.80  drift F 2.16 noF 6.16  1.77s/it
it  2900 stage 2 t_out 30  loss 2.17 score 1.80 run 1.89  drift F 1.84 noF 6.05  1.79s/it
it  3000 stage 2 t_out 30  loss 2.18 score 1.69 run 1.67  drift F 1.71 noF 5.41  1.77s/it
it  3100 stage 2 t_out 30  loss 2.19 score 1.49 run 1.62  drift F 1.70 noF 6.17  1.72s/it
it  3200 stage 2 t_out 30  loss 1.56 score 1.13 run 1.47  drift F 1.17 noF 4.88  1.78s/it
it  3300 stage 2 t_out 30  loss 1.96 score 1.45 run 1.52  drift F 1.46 noF 6.16  1.70s/it
it  3400 stage 2 t_out 30  loss 2.19 score 1.39 run 1.39  drift F 1.32 noF 5.61  1.81s/it
it  3500 stage 2 t_out 30  loss 2.14 score 1.56 run 1.40  drift F 1.42 noF 5.34  1.90s/it
it  3600 stage 2 t_out 30  loss 1.92 score 1.50 run 1.40  drift F 1.44 noF 5.88  1.84s/it
it  3700 stage 2 t_out 30  loss 1.97 score 1.49 run 1.43  drift F 1.39 noF 5.80  1.69s/it
it  3800 stage 2 t_out 30  loss 2.09 score 1.60 run 1.48  drift F 1.42 noF 5.86  1.66s/it
it  3900 stage 2 t_out 30  loss 1.95 score 1.41 run 1.43  drift F 1.28 noF 5.10  1.71s/it
finished
