arch gru trainable numbers 9207
it     0 stage 0 t_out 10  loss 5.54 score 2.35 run 2.35  drift F 2.17 noF 2.17  0.40s/it
it   100 stage 0 t_out 10  loss 2.93 score 2.13 run 2.23  drift F 2.25 noF 2.25  0.33s/it
it   200 stage 0 t_out 10  loss 2.84 score 2.23 run 2.40  drift F 2.31 noF 2.31  0.31s/it
it   300 stage 0 t_out 10  loss 3.03 score 2.48 run 2.31  drift F 2.43 noF 2.43  0.30s/it
it   400 stage 0 t_out 10  loss 3.08 score 2.55 run 2.37  drift F 2.32 noF 2.32  0.32s/it
it   500 stage 0 t_out 10  loss 2.70 score 2.27 run 2.35  drift F 2.41 noF 2.41  0.32s/it
it   600 stage 0 t_out 10  loss 2.39 score 1.98 run 2.24  drift F 2.32 noF 2.32  0.32s/it
it   700 stage 0 t_out 10  loss 2.64 score 2.21 run 2.14  drift F 2.11 noF 2.11  0.31s/it
it   800 stage 0 t_out 10  loss 2.35 score 1.90 run 2.07  drift F 2.05 noF 2.05  0.34s/it
it   900 stage 0 t_out 10  loss 2.27 score 1.91 run 1.96  drift F 1.75 noF 1.75  0.30s/it
it  1000 stage 0 t_out 10  loss 2.52 score 2.07 run 1.80  drift F 1.82 noF 1.82  0.31s/it
it  1100 stage 0 t_out 10  loss 2.18 score 1.71 run 1.68  drift F 1.51 noF 1.51  0.35s/it
it  1200 stage 0 t_out 10  loss 2.34 score 1.92 run 1.61  drift F 1.79 noF 1.79  0.32s/it
iteration 1298: promoted to stage 1 (20.0 s)
it  1300 stage 1 t_out 20  loss 4.52 score 2.87 run 2.78  drift F 2.40 noF 2.40  0.39s/it
it  1400 stage 1 t_out 20  loss 3.73 score 2.95 run 3.06  drift F 3.01 noF 3.01  0.62s/it
it  1500 stage 1 t_out 20  loss 3.64 score 2.90 run 2.98  drift F 2.89 noF 2.89  0.65s/it
it  1600 stage 1 t_out 20  loss 4.62 score 3.25 run 2.94  drift F 2.81 noF 2.81  0.72s/it
it  1700 stage 1 t_out 20  loss 3.97 score 2.90 run 2.75  drift F 2.92 noF 2.92  0.72s/it
it  1800 stage 1 t_out 20  loss 3.51 score 2.40 run 2.54  drift F 2.84 noF 2.84  0.74s/it
it  1900 stage 1 t_out 20  loss 3.79 score 2.89 run 2.98  drift F 2.40 noF 2.40  0.70s/it
it  2000 stage 1 t_out 20  loss 3.66 score 2.69 run 2.73  drift F 2.53 noF 2.53  0.63s/it
it  2100 stage 1 t_out 20  loss 3.98 score 2.85 run 2.64  drift F 2.47 noF 2.47  0.65s/it
it  2200 stage 1 t_out 20  loss 3.42 score 2.36 run 3.06  drift F 2.87 noF 2.87  0.71s/it
it  2300 stage 1 t_out 20  loss 3.33 score 2.50 run 2.43  drift F 2.37 noF 2.37  0.77s/it
it  2400 stage 1 t_out 20  loss 3.43 score 2.51 run 2.50  drift F 2.17 noF 2.17  0.74s/it
it  2500 stage 1 t_out 20  loss 2.89 score 2.11 run 2.54  drift F 2.45 noF 2.45  0.84s/it
it  2600 stage 1 t_out 20  loss 2.90 score 2.27 run 2.35  drift F 2.22 noF 2.22  0.85s/it
it  2700 stage 1 t_out 20  loss 2.78 score 2.08 run 2.30  drift F 2.31 noF 2.31  0.80s/it
iteration 2799: promoted to stage 2 (30.0 s)
it  2800 stage 2 t_out 30  loss 4.33 score 2.68 run 2.68  drift F 3.13 noF 3.13  0.99s/it
it  2900 stage 2 t_out 30  loss 4.43 score 2.96 run 3.02  drift F 2.86 noF 2.86  1.24s/it
it  3000 stage 2 t_out 30  loss 4.55 score 3.33 run 2.99  drift F 3.31 noF 3.31  1.20s/it
it  3100 stage 2 t_out 30  loss 4.59 score 3.13 run 3.02  drift F 3.33 noF 3.33  1.19s/it
it  3200 stage 2 t_out 30  loss 4.33 score 3.15 run 2.92  drift F 2.54 noF 2.54  1.20s/it
it  3300 stage 2 t_out 30  loss 4.22 score 2.96 run 2.90  drift F 3.25 noF 3.25  1.00s/it
it  3400 stage 2 t_out 30  loss 3.99 score 2.64 run 2.84  drift F 2.74 noF 2.74  1.32s/it
it  3500 stage 2 t_out 30  loss 4.06 score 2.79 run 2.73  drift F 2.63 noF 2.63  1.31s/it
it  3600 stage 2 t_out 30  loss 4.16 score 2.91 run 2.84  drift F 3.10 noF 3.10  1.19s/it
it  3700 stage 2 t_out 30  loss 3.92 score 2.86 run 2.78  drift F 2.87 noF 2.87  1.24s/it
it  3800 stage 2 t_out 30  loss 4.42 score 3.01 run 2.78  drift F 2.90 noF 2.90  1.28s/it
it  3900 stage 2 t_out 30  loss 4.01 score 2.76 run 2.81  drift F 2.52 noF 2.52  1.14s/it
finished
