arch gru trainable numbers 9101
it     0 stage 0 t_out 10  loss 5.00 score 2.17 run 2.17  drift F 2.30 noF 2.30  0.25s/it
it   100 stage 0 t_out 10  loss 3.13 score 2.29 run 2.00  drift F 2.11 noF 2.11  0.32s/it
it   200 stage 0 t_out 10  loss 2.66 score 2.18 run 2.25  drift F 2.32 noF 2.32  0.28s/it
it   300 stage 0 t_out 10  loss 3.10 score 2.61 run 2.28  drift F 2.33 noF 2.33  0.29s/it
it   400 stage 0 t_out 10  loss 2.62 score 2.21 run 2.27  drift F 2.33 noF 2.33  0.38s/it
it   500 stage 0 t_out 10  loss 2.62 score 2.19 run 2.30  drift F 2.42 noF 2.42  0.37s/it
it   600 stage 0 t_out 10  loss 2.75 score 2.35 run 2.29  drift F 2.44 noF 2.44  0.43s/it
it   700 stage 0 t_out 10  loss 2.93 score 2.53 run 2.33  drift F 2.33 noF 2.33  0.90s/it
it   800 stage 0 t_out 10  loss 2.51 score 2.18 run 2.32  drift F 2.41 noF 2.41  0.23s/it
it   900 stage 0 t_out 10  loss 2.50 score 2.13 run 2.35  drift F 2.33 noF 2.33  0.24s/it
it  1000 stage 0 t_out 10  loss 2.74 score 2.39 run 2.36  drift F 2.27 noF 2.27  0.23s/it
it  1100 stage 0 t_out 10  loss 2.80 score 2.47 run 2.37  drift F 2.25 noF 2.25  0.24s/it
it  1200 stage 0 t_out 10  loss 2.75 score 2.37 run 2.37  drift F 2.36 noF 2.36  0.27s/it
it  1300 stage 0 t_out 10  loss 2.32 score 1.96 run 2.38  drift F 2.27 noF 2.27  0.30s/it
it  1400 stage 0 t_out 10  loss 2.73 score 2.37 run 2.37  drift F 2.29 noF 2.29  0.28s/it
iteration 1500: promoted to stage 1 (20.0 s)
it  1500 stage 1 t_out 10  loss 2.83 score 2.43 run 2.37  drift F 2.31 noF 2.31  0.27s/it
it  1600 stage 1 t_out 20  loss 4.84 score 4.35 run 4.47  drift F 4.38 noF 4.38  0.59s/it
it  1700 stage 1 t_out 20  loss 5.40 score 4.95 run 4.52  drift F 4.20 noF 4.20  0.56s/it
it  1800 stage 1 t_out 20  loss 5.11 score 4.58 run 4.54  drift F 4.92 noF 4.92  0.59s/it
it  1900 stage 1 t_out 20  loss 4.98 score 4.50 run 4.50  drift F 4.25 noF 4.25  0.56s/it
it  2000 stage 1 t_out 20  loss 5.05 score 4.55 run 4.49  drift F 4.37 noF 4.37  0.58s/it
it  2100 stage 1 t_out 20  loss 5.46 score 4.99 run 4.55  drift F 4.47 noF 4.47  0.59s/it
it  2200 stage 1 t_out 20  loss 5.31 score 4.79 run 4.47  drift F 4.70 noF 4.70  0.55s/it
it  2300 stage 1 t_out 20  loss 5.00 score 4.46 run 4.55  drift F 4.40 noF 4.40  0.66s/it
it  2400 stage 1 t_out 20  loss 5.19 score 4.65 run 4.55  drift F 4.20 noF 4.20  0.63s/it
it  2500 stage 1 t_out 20  loss 5.15 score 4.60 run 4.40  drift F 4.31 noF 4.31  0.66s/it
it  2600 stage 1 t_out 20  loss 5.17 score 4.64 run 4.45  drift F 4.59 noF 4.59  0.62s/it
it  2700 stage 1 t_out 20  loss 4.90 score 4.43 run 4.46  drift F 4.50 noF 4.50  0.64s/it
it  2800 stage 1 t_out 20  loss 5.07 score 4.53 run 4.49  drift F 4.59 noF 4.59  0.65s/it
it  2900 stage 1 t_out 20  loss 4.95 score 4.45 run 4.57  drift F 4.82 noF 4.82  0.60s/it
it  3000 stage 1 t_out 20  loss 4.74 score 4.26 run 4.48  drift F 4.63 noF 4.63  0.61s/it
iteration 3001: promoted to stage 2 (30.0 s)
it  3100 stage 2 t_out 30  loss 6.33 score 5.68 run 5.83  drift F 6.36 noF 6.36  1.10s/it
it  3200 stage 2 t_out 30  loss 6.95 score 6.37 run 6.01  drift F 5.13 noF 5.13  1.04s/it
it  3300 stage 2 t_out 30  loss 6.01 score 5.43 run 5.98  drift F 6.49 noF 6.49  1.16s/it
it  3400 stage 2 t_out 30  loss 6.84 score 6.19 run 5.96  drift F 5.99 noF 5.99  1.12s/it
it  3500 stage 2 t_out 30  loss 7.50 score 6.97 run 6.04  drift F 5.60 noF 5.60  1.16s/it
it  3600 stage 2 t_out 30  loss 5.89 score 5.34 run 5.89  drift F 6.30 noF 6.30  1.17s/it
it  3700 stage 2 t_out 30  loss 7.44 score 6.84 run 5.97  drift F 5.91 noF 5.91  1.08s/it
it  3800 stage 2 t_out 30  loss 6.25 score 5.66 run 5.88  drift F 6.21 noF 6.21  1.06s/it
it  3900 stage 2 t_out 30  loss 6.36 score 5.76 run 5.97  drift F 5.42 noF 5.42  1.09s/it
finished
