arch gru trainable numbers 9101
it     0 stage 0 t_out 10  loss 5.09 score 2.23 run 2.23  drift F 2.32 noF 2.32  0.18s/it
it   100 stage 0 t_out 10  loss 3.04 score 2.51 run 2.24  drift F 2.29 noF 2.29  0.18s/it
it   200 stage 0 t_out 10  loss 2.66 score 2.28 run 2.34  drift F 2.38 noF 2.38  0.19s/it
it   300 stage 0 t_out 10  loss 3.11 score 2.73 run 2.36  drift F 2.45 noF 2.45  0.20s/it
it   400 stage 0 t_out 10  loss 2.60 score 2.28 run 2.36  drift F 2.37 noF 2.37  0.20s/it
it   500 stage 0 t_out 10  loss 2.64 score 2.29 run 2.36  drift F 2.43 noF 2.43  0.20s/it
it   600 stage 0 t_out 10  loss 2.78 score 2.43 run 2.35  drift F 2.48 noF 2.48  0.21s/it
it   700 stage 0 t_out 10  loss 2.97 score 2.63 run 2.39  drift F 2.38 noF 2.38  0.23s/it
it   800 stage 0 t_out 10  loss 2.59 score 2.30 run 2.37  drift F 2.48 noF 2.48  0.23s/it
it   900 stage 0 t_out 10  loss 2.52 score 2.20 run 2.40  drift F 2.36 noF 2.36  0.23s/it
it  1000 stage 0 t_out 10  loss 2.71 score 2.40 run 2.41  drift F 2.37 noF 2.37  0.34s/it
it  1100 stage 0 t_out 10  loss 2.84 score 2.53 run 2.41  drift F 2.28 noF 2.28  0.33s/it
it  1200 stage 0 t_out 10  loss 2.82 score 2.47 run 2.42  drift F 2.43 noF 2.43  0.32s/it
it  1300 stage 0 t_out 10  loss 2.33 score 2.05 run 2.43  drift F 2.33 noF 2.33  0.32s/it
it  1400 stage 0 t_out 10  loss 2.75 score 2.45 run 2.43  drift F 2.33 noF 2.33  0.29s/it
iteration 1500: promoted to stage 1 (20.0 s)
it  1500 stage 1 t_out 10  loss 2.76 score 2.45 run 2.42  drift F 2.35 noF 2.35  0.30s/it
it  1600 stage 1 t_out 20  loss 4.78 score 4.38 run 4.55  drift F 4.45 noF 4.45  0.58s/it
it  1700 stage 1 t_out 20  loss 5.40 score 4.98 run 4.59  drift F 4.24 noF 4.24  0.70s/it
it  1800 stage 1 t_out 20  loss 4.97 score 4.59 run 4.61  drift F 4.98 noF 4.98  0.61s/it
it  1900 stage 1 t_out 20  loss 4.97 score 4.55 run 4.58  drift F 4.32 noF 4.32  0.62s/it
it  2000 stage 1 t_out 20  loss 5.16 score 4.71 run 4.56  drift F 4.47 noF 4.47  0.59s/it
it  2100 stage 1 t_out 20  loss 5.42 score 5.02 run 4.62  drift F 4.51 noF 4.51  0.60s/it
it  2200 stage 1 t_out 20  loss 5.26 score 4.83 run 4.54  drift F 4.78 noF 4.78  0.63s/it
it  2300 stage 1 t_out 20  loss 4.89 score 4.48 run 4.60  drift F 4.46 noF 4.46  0.59s/it
it  2400 stage 1 t_out 20  loss 5.18 score 4.74 run 4.63  drift F 4.27 noF 4.27  0.66s/it
it  2500 stage 1 t_out 20  loss 5.07 score 4.65 run 4.47  drift F 4.43 noF 4.43  0.62s/it
it  2600 stage 1 t_out 20  loss 5.11 score 4.68 run 4.52  drift F 4.57 noF 4.57  0.64s/it
it  2700 stage 1 t_out 20  loss 4.84 score 4.44 run 4.53  drift F 4.54 noF 4.54  0.77s/it
it  2800 stage 1 t_out 20  loss 5.01 score 4.56 run 4.55  drift F 4.63 noF 4.63  0.67s/it
it  2900 stage 1 t_out 20  loss 5.00 score 4.53 run 4.64  drift F 4.91 noF 4.91  0.71s/it
it  3000 stage 1 t_out 20  loss 4.79 score 4.35 run 4.55  drift F 4.66 noF 4.66  0.67s/it
iteration 3001: promoted to stage 2 (30.0 s)
it  3100 stage 2 t_out 30  loss 6.17 score 5.68 run 5.91  drift F 6.53 noF 6.53  0.93s/it
it  3200 stage 2 t_out 30  loss 6.98 score 6.49 run 6.08  drift F 5.23 noF 5.23  0.91s/it
it  3300 stage 2 t_out 30  loss 6.17 score 5.61 run 6.07  drift F 6.60 noF 6.60  0.91s/it
it  3400 stage 2 t_out 30  loss 6.78 score 6.26 run 6.05  drift F 6.11 noF 6.11  0.97s/it
it  3500 stage 2 t_out 30  loss 7.53 score 7.06 run 6.11  drift F 5.71 noF 5.71  1.00s/it
it  3600 stage 2 t_out 30  loss 5.86 score 5.37 run 5.96  drift F 6.34 noF 6.34  1.15s/it
it  3700 stage 2 t_out 30  loss 7.42 score 6.95 run 6.05  drift F 5.98 noF 5.98  1.05s/it
it  3800 stage 2 t_out 30  loss 6.16 score 5.71 run 5.96  drift F 6.29 noF 6.29  1.02s/it
it  3900 stage 2 t_out 30  loss 6.48 score 5.93 run 6.05  drift F 5.44 noF 5.44  1.17s/it
finished
