arch twin trainable numbers 9027
it     0 stage 0 t_out 10  loss 4.74 score 2.22 run 2.22  drift F 2.21 noF 2.21  0.18s/it
it   100 stage 0 t_out 10  loss 2.66 score 2.16 run 2.24  drift F 2.30 noF 2.30  0.19s/it
it   200 stage 0 t_out 10  loss 2.69 score 2.23 run 2.39  drift F 2.29 noF 2.29  0.19s/it
it   300 stage 0 t_out 10  loss 2.87 score 2.43 run 2.31  drift F 2.41 noF 2.41  0.19s/it
it   400 stage 0 t_out 10  loss 3.07 score 2.66 run 2.39  drift F 2.30 noF 2.30  0.19s/it
it   500 stage 0 t_out 10  loss 2.54 score 2.14 run 2.30  drift F 2.29 noF 2.29  0.21s/it
it   600 stage 0 t_out 10  loss 2.54 score 1.85 run 2.11  drift F 2.19 noF 2.19  0.21s/it
it   700 stage 0 t_out 10  loss 3.83 score 2.17 run 1.94  drift F 2.03 noF 2.03  0.21s/it
finished
arch twin trainable numbers 9027
resumed at iteration 800
it   800 stage 0 t_out 10  loss 2.99 score 2.18 run 2.06  drift F 2.22 noF 2.22  0.02s/it
it   900 stage 0 t_out 10  loss 2.82 score 1.77 run 2.05  drift F 1.74 noF 1.74  0.21s/it
it  1000 stage 0 t_out 10  loss 3.38 score 2.39 run 2.04  drift F 1.99 noF 1.99  0.22s/it
it  1100 stage 0 t_out 10  loss 2.89 score 2.05 run 2.13  drift F 2.02 noF 2.02  0.20s/it
it  1200 stage 0 t_out 10  loss 2.74 score 1.76 run 2.05  drift F 1.85 noF 1.85  0.21s/it
it  1300 stage 0 t_out 10  loss 3.21 score 2.21 run 1.91  drift F 1.95 noF 1.95  0.21s/it
it  1400 stage 0 t_out 10  loss 2.57 score 1.71 run 1.89  drift F 1.73 noF 1.73  0.21s/it
it  1500 stage 0 t_out 10  loss 2.33 score 1.78 run 1.90  drift F 2.12 noF 2.12  0.23s/it
it  1600 stage 0 t_out 10  loss 2.77 score 2.40 run 2.34  drift F 2.43 noF 2.43  0.23s/it
it  1700 stage 0 t_out 10  loss 2.60 score 2.24 run 2.27  drift F 2.14 noF 2.14  0.23s/it
it  1800 stage 0 t_out 10  loss 2.47 score 2.14 run 2.11  drift F 2.23 noF 2.23  0.23s/it
it  1900 stage 0 t_out 10  loss 2.21 score 1.79 run 1.89  drift F 1.72 noF 1.72  0.24s/it
finished
