arch twin trainable numbers 9027
it     0 stage 0 t_out 10  loss 4.91 score 2.34 run 2.34  drift F 2.20 noF 2.20  0.18s/it
it   100 stage 0 t_out 10  loss 2.69 score 2.20 run 2.25  drift F 2.32 noF 2.32  0.19s/it
it   200 stage 0 t_out 10  loss 2.71 score 2.24 run 2.40  drift F 2.27 noF 2.27  0.19s/it
it   300 stage 0 t_out 10  loss 2.96 score 2.48 run 2.28  drift F 2.39 noF 2.39  0.19s/it
it   400 stage 0 t_out 10  loss 3.06 score 2.65 run 2.39  drift F 2.30 noF 2.30  0.19s/it
it   500 stage 0 t_out 10  loss 2.65 score 2.31 run 2.39  drift F 2.42 noF 2.42  0.21s/it
it   600 stage 0 t_out 10  loss 2.41 score 2.11 run 2.37  drift F 2.44 noF 2.44  0.21s/it
it   700 stage 0 t_out 10  loss 2.88 score 2.53 run 2.38  drift F 2.34 noF 2.34  0.21s/it
finished
arch twin trainable numbers 9027
resumed at iteration 800
it   800 stage 0 t_out 10  loss 2.63 score 2.25 run 2.38  drift F 2.40 noF 2.40  0.02s/it
it   900 stage 0 t_out 10  loss 2.60 score 2.30 run 2.41  drift F 2.35 noF 2.35  0.21s/it
it  1000 stage 0 t_out 10  loss 3.01 score 2.69 run 2.39  drift F 2.34 noF 2.34  0.22s/it
it  1100 stage 0 t_out 10  loss 2.81 score 2.50 run 2.40  drift F 2.29 noF 2.29  0.20s/it
it  1200 stage 0 t_out 10  loss 2.72 score 2.42 run 2.43  drift F 2.46 noF 2.46  0.21s/it
it  1300 stage 0 t_out 10  loss 2.96 score 2.65 run 2.40  drift F 2.29 noF 2.29  0.21s/it
it  1400 stage 0 t_out 10  loss 2.41 score 2.13 run 2.39  drift F 2.32 noF 2.32  0.22s/it
it  1500 stage 0 t_out 10  loss 2.27 score 1.99 run 2.43  drift F 2.34 noF 2.34  0.23s/it
it  1600 stage 0 t_out 10  loss 2.86 score 2.55 run 2.42  drift F 2.55 noF 2.55  0.22s/it
it  1700 stage 0 t_out 10  loss 2.74 score 2.46 run 2.43  drift F 2.30 noF 2.30  0.23s/it
it  1800 stage 0 t_out 10  loss 2.72 score 2.44 run 2.41  drift F 2.53 noF 2.53  0.23s/it
it  1900 stage 0 t_out 10  loss 2.80 score 2.49 run 2.38  drift F 2.31 noF 2.31  0.24s/it
finished
