arch twin trainable numbers 9027
it     0 stage 0 t_out 10  loss 3.91 score 2.11 run 2.11  drift F 2.23 noF 2.23  0.19s/it
it   100 stage 0 t_out 10  loss 3.42 score 2.40 run 2.21  drift F 2.30 noF 2.30  0.20s/it
it   200 stage 0 t_out 10  loss 3.12 score 2.21 run 2.32  drift F 2.35 noF 2.35  0.19s/it
it   300 stage 0 t_out 10  loss 3.63 score 2.66 run 2.34  drift F 2.36 noF 2.36  0.20s/it
it   400 stage 0 t_out 10  loss 3.09 score 2.26 run 2.33  drift F 2.39 noF 2.39  0.21s/it
it   500 stage 0 t_out 10  loss 3.19 score 2.31 run 2.35  drift F 2.40 noF 2.40  0.22s/it
it   600 stage 0 t_out 10  loss 3.19 score 2.34 run 2.32  drift F 2.48 noF 2.48  0.22s/it
it   700 stage 0 t_out 10  loss 3.50 score 2.56 run 2.36  drift F 2.35 noF 2.35  0.22s/it
finished
arch twin trainable numbers 9027
resumed at iteration 800
it   800 stage 0 t_out 10  loss 3.10 score 2.29 run 2.34  drift F 2.44 noF 2.44  0.02s/it
it   900 stage 0 t_out 10  loss 2.97 score 2.13 run 2.37  drift F 2.30 noF 2.30  0.22s/it
it  1000 stage 0 t_out 10  loss 3.20 score 2.35 run 2.37  drift F 2.32 noF 2.32  0.23s/it
it  1100 stage 0 t_out 10  loss 3.38 score 2.52 run 2.38  drift F 2.24 noF 2.24  0.23s/it
it  1200 stage 0 t_out 10  loss 3.23 score 2.36 run 2.39  drift F 2.42 noF 2.42  0.22s/it
it  1300 stage 0 t_out 10  loss 2.81 score 2.03 run 2.41  drift F 2.28 noF 2.28  0.23s/it
it  1400 stage 0 t_out 10  loss 3.27 score 2.41 run 2.40  drift F 2.31 noF 2.31  0.23s/it
it  1500 stage 0 t_out 10  loss 3.31 score 2.43 run 2.40  drift F 2.34 noF 2.34  0.25s/it
it  1600 stage 0 t_out 10  loss 2.84 score 2.09 run 2.39  drift F 2.52 noF 2.52  0.24s/it
it  1700 stage 0 t_out 10  loss 3.32 score 2.46 run 2.42  drift F 2.28 noF 2.28  0.24s/it
it  1800 stage 0 t_out 10  loss 3.52 score 2.64 run 2.38  drift F 2.50 noF 2.50  0.25s/it
it  1900 stage 0 t_out 10  loss 3.44 score 2.58 run 2.40  drift F 2.29 noF 2.29  0.25s/it
finished
