arch twin trainable numbers 9027
it     0 stage 0 t_out 10  loss 4.25 score 2.34 run 2.34  drift F 2.21 noF 2.21  0.19s/it
it   100 stage 0 t_out 10  loss 3.13 score 2.11 run 2.14  drift F 2.28 noF 2.28  0.20s/it
it   200 stage 0 t_out 10  loss 3.14 score 2.22 run 2.36  drift F 2.27 noF 2.27  0.20s/it
it   300 stage 0 t_out 10  loss 3.45 score 2.46 run 2.28  drift F 2.40 noF 2.40  0.20s/it
it   400 stage 0 t_out 10  loss 3.62 score 2.65 run 2.39  drift F 2.31 noF 2.31  0.21s/it
it   500 stage 0 t_out 10  loss 3.13 score 2.26 run 2.38  drift F 2.44 noF 2.44  0.22s/it
it   600 stage 0 t_out 10  loss 2.89 score 2.11 run 2.37  drift F 2.43 noF 2.43  0.22s/it
it   700 stage 0 t_out 10  loss 3.42 score 2.53 run 2.37  drift F 2.34 noF 2.34  0.22s/it
finished
arch twin trainable numbers 9027
resumed at iteration 800
it   800 stage 0 t_out 10  loss 3.10 score 2.24 run 2.38  drift F 2.41 noF 2.41  0.02s/it
it   900 stage 0 t_out 10  loss 3.05 score 2.25 run 2.40  drift F 2.30 noF 2.30  0.22s/it
it  1000 stage 0 t_out 10  loss 3.61 score 2.69 run 2.35  drift F 2.31 noF 2.31  0.23s/it
it  1100 stage 0 t_out 10  loss 3.34 score 2.47 run 2.37  drift F 2.26 noF 2.26  0.23s/it
it  1200 stage 0 t_out 10  loss 3.23 score 2.38 run 2.40  drift F 2.42 noF 2.42  0.23s/it
it  1300 stage 0 t_out 10  loss 3.50 score 2.61 run 2.38  drift F 2.29 noF 2.29  0.23s/it
it  1400 stage 0 t_out 10  loss 2.96 score 2.14 run 2.37  drift F 2.32 noF 2.32  0.23s/it
it  1500 stage 0 t_out 10  loss 2.70 score 1.98 run 2.42  drift F 2.35 noF 2.35  0.25s/it
it  1600 stage 0 t_out 10  loss 3.41 score 2.54 run 2.40  drift F 2.54 noF 2.54  0.24s/it
it  1700 stage 0 t_out 10  loss 3.27 score 2.44 run 2.42  drift F 2.30 noF 2.30  0.24s/it
it  1800 stage 0 t_out 10  loss 3.23 score 2.43 run 2.39  drift F 2.51 noF 2.51  0.25s/it
it  1900 stage 0 t_out 10  loss 3.33 score 2.47 run 2.37  drift F 2.29 noF 2.29  0.25s/it
finished
