arch twin trainable numbers 9027
it     0 stage 0 t_out 10  loss 5.17 score 2.44 run 2.44  drift F 2.13 noF 2.13  0.17s/it
it   100 stage 0 t_out 10  loss 2.82 score 2.35 run 2.22  drift F 2.31 noF 2.31  0.18s/it
it   200 stage 0 t_out 10  loss 3.07 score 2.70 run 2.35  drift F 2.37 noF 2.37  0.19s/it
it   300 stage 0 t_out 10  loss 2.51 score 2.22 run 2.36  drift F 2.46 noF 2.46  0.19s/it
it   400 stage 0 t_out 10  loss 2.69 score 2.35 run 2.41  drift F 2.35 noF 2.35  0.19s/it
it   500 stage 0 t_out 10  loss 2.55 score 2.22 run 2.41  drift F 2.43 noF 2.43  0.21s/it
it   600 stage 0 t_out 10  loss 2.78 score 2.45 run 2.40  drift F 2.48 noF 2.48  0.21s/it
it   700 stage 0 t_out 10  loss 2.84 score 2.52 run 2.39  drift F 2.40 noF 2.40  0.21s/it
finished
arch twin trainable numbers 9027
resumed at iteration 800
it   800 stage 0 t_out 10  loss 2.57 score 2.27 run 2.43  drift F 2.49 noF 2.49  0.02s/it
it   900 stage 0 t_out 10  loss 2.64 score 2.35 run 2.39  drift F 2.36 noF 2.36  0.20s/it
it  1000 stage 0 t_out 10  loss 2.62 score 2.28 run 2.37  drift F 2.36 noF 2.36  0.21s/it
it  1100 stage 0 t_out 10  loss 2.64 score 2.33 run 2.43  drift F 2.30 noF 2.30  0.20s/it
it  1200 stage 0 t_out 10  loss 2.73 score 2.42 run 2.39  drift F 2.42 noF 2.42  0.21s/it
it  1300 stage 0 t_out 10  loss 2.94 score 2.60 run 2.41  drift F 2.30 noF 2.30  0.21s/it
it  1400 stage 0 t_out 10  loss 2.91 score 2.63 run 2.39  drift F 2.36 noF 2.36  0.22s/it
it  1500 stage 0 t_out 10  loss 2.77 score 2.45 run 2.40  drift F 2.35 noF 2.35  0.23s/it
it  1600 stage 0 t_out 10  loss 2.60 score 2.27 run 2.41  drift F 2.48 noF 2.48  0.22s/it
it  1700 stage 0 t_out 10  loss 2.42 score 2.11 run 2.42  drift F 2.29 noF 2.29  0.23s/it
it  1800 stage 0 t_out 10  loss 2.65 score 2.35 run 2.43  drift F 2.53 noF 2.53  0.23s/it
it  1900 stage 0 t_out 10  loss 2.68 score 2.38 run 2.42  drift F 2.34 noF 2.34  0.23s/it
finished
