arch twin trainable numbers 9027
it     0 stage 0 t_out 10  loss 5.28 score 2.41 run 2.41  drift F 2.22 noF 2.22  0.27s/it
it   100 stage 0 t_out 10  loss 2.83 score 2.07 run 2.03  drift F 2.09 noF 2.09  0.33s/it
it   200 stage 0 t_out 10  loss 3.05 score 2.45 run 2.22  drift F 2.22 noF 2.22  0.28s/it
it   300 stage 0 t_out 10  loss 2.60 score 2.05 run 2.21  drift F 2.25 noF 2.25  0.28s/it
it   400 stage 0 t_out 10  loss 2.69 score 2.17 run 2.26  drift F 2.21 noF 2.21  0.38s/it
it   500 stage 0 t_out 10  loss 2.57 score 2.05 run 2.26  drift F 2.29 noF 2.29  0.39s/it
it   600 stage 0 t_out 10  loss 2.82 score 2.37 run 2.26  drift F 2.32 noF 2.32  0.37s/it
it   700 stage 0 t_out 10  loss 2.89 score 2.41 run 2.25  drift F 2.24 noF 2.24  1.28s/it
it   800 stage 0 t_out 10  loss 2.63 score 2.18 run 2.32  drift F 2.38 noF 2.38  0.23s/it
it   900 stage 0 t_out 10  loss 2.70 score 2.27 run 2.30  drift F 2.24 noF 2.24  0.24s/it
it  1000 stage 0 t_out 10  loss 2.60 score 2.21 run 2.29  drift F 2.26 noF 2.26  0.24s/it
it  1100 stage 0 t_out 10  loss 2.66 score 2.23 run 2.34  drift F 2.26 noF 2.26  0.24s/it
it  1200 stage 0 t_out 10  loss 2.73 score 2.32 run 2.31  drift F 2.36 noF 2.36  0.28s/it
it  1300 stage 0 t_out 10  loss 2.98 score 2.54 run 2.32  drift F 2.25 noF 2.25  0.28s/it
it  1400 stage 0 t_out 10  loss 2.94 score 2.56 run 2.33  drift F 2.28 noF 2.28  0.28s/it
iteration 1500: promoted to stage 1 (20.0 s)
it  1500 stage 1 t_out 10  loss 2.78 score 2.37 run 2.33  drift F 2.30 noF 2.30  0.29s/it
it  1600 stage 1 t_out 20  loss 5.27 score 4.75 run 4.50  drift F 4.29 noF 4.29  0.63s/it
it  1700 stage 1 t_out 20  loss 4.83 score 4.32 run 4.48  drift F 4.12 noF 4.12  0.58s/it
it  1800 stage 1 t_out 20  loss 4.30 score 3.83 run 4.53  drift F 4.93 noF 4.93  0.57s/it
it  1900 stage 1 t_out 20  loss 5.19 score 4.66 run 4.52  drift F 4.22 noF 4.22  0.61s/it
it  2000 stage 1 t_out 20  loss 5.32 score 4.76 run 4.52  drift F 4.36 noF 4.36  0.58s/it
it  2100 stage 1 t_out 20  loss 4.83 score 4.30 run 4.45  drift F 4.41 noF 4.41  0.60s/it
it  2200 stage 1 t_out 20  loss 5.82 score 5.37 run 4.43  drift F 4.73 noF 4.73  0.56s/it
it  2300 stage 1 t_out 20  loss 5.13 score 4.61 run 4.44  drift F 4.40 noF 4.40  0.67s/it
it  2400 stage 1 t_out 20  loss 4.76 score 4.18 run 4.50  drift F 4.21 noF 4.21  0.67s/it
it  2500 stage 1 t_out 20  loss 4.84 score 4.32 run 4.48  drift F 4.35 noF 4.35  0.66s/it
it  2600 stage 1 t_out 20  loss 5.37 score 4.80 run 4.50  drift F 4.52 noF 4.52  0.66s/it
it  2700 stage 1 t_out 20  loss 5.46 score 4.87 run 4.47  drift F 4.52 noF 4.52  0.66s/it
it  2800 stage 1 t_out 20  loss 5.11 score 4.61 run 4.52  drift F 4.58 noF 4.58  0.64s/it
it  2900 stage 1 t_out 20  loss 4.94 score 4.42 run 4.52  drift F 4.80 noF 4.80  0.61s/it
it  3000 stage 1 t_out 20  loss 4.98 score 4.45 run 4.46  drift F 4.60 noF 4.60  0.67s/it
iteration 3001: promoted to stage 2 (30.0 s)
it  3100 stage 2 t_out 30  loss 5.99 score 5.41 run 5.94  drift F 6.37 noF 6.37  1.10s/it
it  3200 stage 2 t_out 30  loss 6.88 score 6.26 run 5.93  drift F 5.09 noF 5.09  1.09s/it
it  3300 stage 2 t_out 30  loss 6.87 score 6.18 run 5.95  drift F 6.45 noF 6.45  1.11s/it
it  3400 stage 2 t_out 30  loss 6.26 score 5.66 run 5.82  drift F 5.99 noF 5.99  1.13s/it
it  3500 stage 2 t_out 30  loss 6.62 score 6.02 run 5.96  drift F 5.59 noF 5.59  1.15s/it
it  3600 stage 2 t_out 30  loss 6.37 score 5.73 run 5.97  drift F 6.15 noF 6.15  1.18s/it
it  3700 stage 2 t_out 30  loss 6.83 score 6.25 run 5.96  drift F 5.92 noF 5.92  1.18s/it
it  3800 stage 2 t_out 30  loss 6.75 score 6.17 run 5.91  drift F 6.14 noF 6.14  1.11s/it
it  3900 stage 2 t_out 30  loss 6.54 score 5.93 run 5.97  drift F 5.36 noF 5.36  1.12s/it
finished
