arch twin trainable numbers 9027
it     0 stage 0 t_out 10  loss 4.57 score 2.11 run 2.11  drift F 2.19 noF 2.19  0.27s/it
it   100 stage 0 t_out 10  loss 2.99 score 2.26 run 2.07  drift F 2.14 noF 2.14  0.33s/it
it   200 stage 0 t_out 10  loss 2.67 score 2.16 run 2.24  drift F 2.31 noF 2.31  0.28s/it
it   300 stage 0 t_out 10  loss 3.10 score 2.61 run 2.28  drift F 2.33 noF 2.33  0.29s/it
it   400 stage 0 t_out 10  loss 2.62 score 2.21 run 2.27  drift F 2.33 noF 2.33  0.37s/it
it   500 stage 0 t_out 10  loss 2.62 score 2.19 run 2.30  drift F 2.43 noF 2.43  0.39s/it
it   600 stage 0 t_out 10  loss 2.75 score 2.34 run 2.29  drift F 2.44 noF 2.44  0.36s/it
it   700 stage 0 t_out 10  loss 2.93 score 2.53 run 2.34  drift F 2.33 noF 2.33  1.30s/it
it   800 stage 0 t_out 10  loss 2.55 score 2.19 run 2.32  drift F 2.43 noF 2.43  0.24s/it
it   900 stage 0 t_out 10  loss 2.50 score 2.13 run 2.35  drift F 2.33 noF 2.33  0.25s/it
it  1000 stage 0 t_out 10  loss 2.73 score 2.40 run 2.36  drift F 2.27 noF 2.27  0.25s/it
it  1100 stage 0 t_out 10  loss 2.81 score 2.47 run 2.37  drift F 2.25 noF 2.25  0.25s/it
it  1200 stage 0 t_out 10  loss 2.75 score 2.38 run 2.37  drift F 2.37 noF 2.37  0.27s/it
it  1300 stage 0 t_out 10  loss 2.32 score 1.97 run 2.38  drift F 2.28 noF 2.28  0.27s/it
it  1400 stage 0 t_out 10  loss 2.73 score 2.37 run 2.38  drift F 2.30 noF 2.30  0.28s/it
iteration 1500: promoted to stage 1 (20.0 s)
it  1500 stage 1 t_out 10  loss 2.83 score 2.44 run 2.37  drift F 2.31 noF 2.31  0.29s/it
it  1600 stage 1 t_out 20  loss 4.85 score 4.35 run 4.47  drift F 4.38 noF 4.38  0.62s/it
it  1700 stage 1 t_out 20  loss 5.43 score 4.96 run 4.52  drift F 4.20 noF 4.20  0.60s/it
it  1800 stage 1 t_out 20  loss 5.11 score 4.58 run 4.54  drift F 4.92 noF 4.92  0.57s/it
it  1900 stage 1 t_out 20  loss 4.99 score 4.50 run 4.50  drift F 4.25 noF 4.25  0.61s/it
it  2000 stage 1 t_out 20  loss 5.04 score 4.55 run 4.49  drift F 4.38 noF 4.38  0.60s/it
it  2100 stage 1 t_out 20  loss 5.46 score 5.00 run 4.55  drift F 4.47 noF 4.47  0.61s/it
it  2200 stage 1 t_out 20  loss 5.32 score 4.79 run 4.47  drift F 4.70 noF 4.70  0.56s/it
it  2300 stage 1 t_out 20  loss 5.02 score 4.48 run 4.55  drift F 4.39 noF 4.39  0.68s/it
it  2400 stage 1 t_out 20  loss 5.19 score 4.65 run 4.55  drift F 4.19 noF 4.19  0.70s/it
it  2500 stage 1 t_out 20  loss 5.16 score 4.61 run 4.40  drift F 4.32 noF 4.32  0.67s/it
it  2600 stage 1 t_out 20  loss 5.18 score 4.65 run 4.45  drift F 4.59 noF 4.59  0.71s/it
it  2700 stage 1 t_out 20  loss 4.90 score 4.43 run 4.46  drift F 4.50 noF 4.50  0.63s/it
it  2800 stage 1 t_out 20  loss 5.07 score 4.53 run 4.49  drift F 4.59 noF 4.59  0.64s/it
it  2900 stage 1 t_out 20  loss 4.99 score 4.48 run 4.58  drift F 4.82 noF 4.82  0.69s/it
it  3000 stage 1 t_out 20  loss 4.74 score 4.26 run 4.48  drift F 4.66 noF 4.66  0.72s/it
iteration 3001: promoted to stage 2 (30.0 s)
it  3100 stage 2 t_out 30  loss 6.27 score 5.66 run 5.83  drift F 6.37 noF 6.37  1.04s/it
it  3200 stage 2 t_out 30  loss 7.03 score 6.38 run 6.01  drift F 5.20 noF 5.20  1.19s/it
it  3300 stage 2 t_out 30  loss 6.02 score 5.46 run 5.98  drift F 6.55 noF 6.55  1.19s/it
it  3400 stage 2 t_out 30  loss 6.78 score 6.16 run 5.97  drift F 6.01 noF 6.01  1.17s/it
it  3500 stage 2 t_out 30  loss 7.54 score 6.97 run 6.04  drift F 5.60 noF 5.60  1.17s/it
it  3600 stage 2 t_out 30  loss 5.89 score 5.37 run 5.90  drift F 6.30 noF 6.30  1.20s/it
it  3700 stage 2 t_out 30  loss 7.34 score 6.84 run 5.97  drift F 5.96 noF 5.96  1.12s/it
it  3800 stage 2 t_out 30  loss 6.26 score 5.67 run 5.88  drift F 6.20 noF 6.20  1.11s/it
it  3900 stage 2 t_out 30  loss 6.35 score 5.75 run 5.97  drift F 5.42 noF 5.42  1.11s/it
finished
