arch twin trainable numbers 9027
it     0 stage 0 t_out 10  loss 4.86 score 2.18 run 2.18  drift F 2.22 noF 2.22  0.18s/it
it   100 stage 0 t_out 10  loss 3.53 score 2.30 run 2.08  drift F 2.17 noF 2.17  0.18s/it
it   200 stage 0 t_out 10  loss 2.74 score 2.22 run 2.25  drift F 2.28 noF 2.28  0.19s/it
it   300 stage 0 t_out 10  loss 3.08 score 2.64 run 2.30  drift F 2.37 noF 2.37  0.20s/it
it   400 stage 0 t_out 10  loss 2.59 score 2.21 run 2.29  drift F 2.34 noF 2.34  0.20s/it
it   500 stage 0 t_out 10  loss 2.67 score 2.26 run 2.33  drift F 2.43 noF 2.43  0.20s/it
it   600 stage 0 t_out 10  loss 2.69 score 2.34 run 2.31  drift F 2.48 noF 2.48  0.21s/it
it   700 stage 0 t_out 10  loss 2.92 score 2.56 run 2.36  drift F 2.37 noF 2.37  0.22s/it
it   800 stage 0 t_out 10  loss 2.57 score 2.24 run 2.34  drift F 2.45 noF 2.45  0.24s/it
it   900 stage 0 t_out 10  loss 2.55 score 2.17 run 2.37  drift F 2.34 noF 2.34  0.24s/it
it  1000 stage 0 t_out 10  loss 2.78 score 2.43 run 2.38  drift F 2.33 noF 2.33  0.35s/it
it  1100 stage 0 t_out 10  loss 2.83 score 2.51 run 2.39  drift F 2.24 noF 2.24  0.32s/it
it  1200 stage 0 t_out 10  loss 2.73 score 2.37 run 2.39  drift F 2.42 noF 2.42  0.31s/it
it  1300 stage 0 t_out 10  loss 2.37 score 2.04 run 2.40  drift F 2.29 noF 2.29  0.31s/it
it  1400 stage 0 t_out 10  loss 2.75 score 2.40 run 2.39  drift F 2.31 noF 2.31  0.31s/it
iteration 1500: promoted to stage 1 (20.0 s)
it  1500 stage 1 t_out 10  loss 2.79 score 2.44 run 2.39  drift F 2.32 noF 2.32  0.30s/it
it  1600 stage 1 t_out 20  loss 4.82 score 4.36 run 4.52  drift F 4.35 noF 4.35  0.60s/it
it  1700 stage 1 t_out 20  loss 5.34 score 4.89 run 4.55  drift F 4.22 noF 4.22  0.68s/it
it  1800 stage 1 t_out 20  loss 5.11 score 4.62 run 4.56  drift F 4.97 noF 4.97  0.65s/it
it  1900 stage 1 t_out 20  loss 5.04 score 4.58 run 4.54  drift F 4.30 noF 4.30  0.65s/it
it  2000 stage 1 t_out 20  loss 4.93 score 4.56 run 4.52  drift F 4.43 noF 4.43  0.61s/it
it  2100 stage 1 t_out 20  loss 5.50 score 4.98 run 4.58  drift F 4.43 noF 4.43  0.64s/it
it  2200 stage 1 t_out 20  loss 5.31 score 4.85 run 4.50  drift F 4.79 noF 4.79  0.65s/it
it  2300 stage 1 t_out 20  loss 4.92 score 4.45 run 4.56  drift F 4.47 noF 4.47  0.61s/it
it  2400 stage 1 t_out 20  loss 5.11 score 4.66 run 4.58  drift F 4.21 noF 4.21  0.65s/it
it  2500 stage 1 t_out 20  loss 5.05 score 4.60 run 4.43  drift F 4.41 noF 4.41  0.64s/it
it  2600 stage 1 t_out 20  loss 5.05 score 4.59 run 4.48  drift F 4.58 noF 4.58  0.69s/it
it  2700 stage 1 t_out 20  loss 4.90 score 4.45 run 4.50  drift F 4.49 noF 4.49  0.72s/it
it  2800 stage 1 t_out 20  loss 5.09 score 4.61 run 4.51  drift F 4.63 noF 4.63  0.75s/it
it  2900 stage 1 t_out 20  loss 4.92 score 4.49 run 4.60  drift F 4.86 noF 4.86  0.79s/it
it  3000 stage 1 t_out 20  loss 4.74 score 4.31 run 4.51  drift F 4.64 noF 4.64  0.65s/it
iteration 3001: promoted to stage 2 (30.0 s)
it  3100 stage 2 t_out 30  loss 6.12 score 5.57 run 5.85  drift F 6.45 noF 6.45  0.91s/it
it  3200 stage 2 t_out 30  loss 6.97 score 6.41 run 6.04  drift F 5.20 noF 5.20  0.96s/it
it  3300 stage 2 t_out 30  loss 6.15 score 5.55 run 6.03  drift F 6.56 noF 6.56  0.99s/it
it  3400 stage 2 t_out 30  loss 6.76 score 6.18 run 6.00  drift F 6.05 noF 6.05  1.06s/it
it  3500 stage 2 t_out 30  loss 7.58 score 7.03 run 6.07  drift F 5.60 noF 5.60  1.20s/it
it  3600 stage 2 t_out 30  loss 5.84 score 5.34 run 5.93  drift F 6.30 noF 6.30  1.12s/it
it  3700 stage 2 t_out 30  loss 7.50 score 6.93 run 6.01  drift F 5.99 noF 5.99  1.14s/it
it  3800 stage 2 t_out 30  loss 6.31 score 5.78 run 5.92  drift F 6.18 noF 6.18  1.12s/it
it  3900 stage 2 t_out 30  loss 6.30 score 5.78 run 6.00  drift F 5.45 noF 5.45  1.17s/it
finished
