arch twin trainable numbers 9027
it     0 stage 0 t_out 10  loss 4.86 score 2.18 run 2.18  drift F 2.23 noF 2.23  0.18s/it
it   100 stage 0 t_out 10  loss 2.96 score 2.48 run 2.27  drift F 2.35 noF 2.35  0.19s/it
it   200 stage 0 t_out 10  loss 2.63 score 2.31 run 2.36  drift F 2.40 noF 2.40  0.19s/it
it   300 stage 0 t_out 10  loss 3.07 score 2.73 run 2.39  drift F 2.45 noF 2.45  0.20s/it
it   400 stage 0 t_out 10  loss 2.60 score 2.30 run 2.37  drift F 2.38 noF 2.38  0.20s/it
it   500 stage 0 t_out 10  loss 2.64 score 2.32 run 2.38  drift F 2.44 noF 2.44  0.20s/it
it   600 stage 0 t_out 10  loss 2.71 score 2.41 run 2.36  drift F 2.50 noF 2.50  0.22s/it
it   700 stage 0 t_out 10  loss 2.93 score 2.62 run 2.39  drift F 2.40 noF 2.40  0.22s/it
it   800 stage 0 t_out 10  loss 2.66 score 2.34 run 2.39  drift F 2.50 noF 2.50  0.24s/it
it   900 stage 0 t_out 10  loss 2.51 score 2.19 run 2.41  drift F 2.34 noF 2.34  0.31s/it
it  1000 stage 0 t_out 10  loss 2.72 score 2.42 run 2.42  drift F 2.36 noF 2.36  0.34s/it
it  1100 stage 0 t_out 10  loss 2.82 score 2.51 run 2.42  drift F 2.30 noF 2.30  0.33s/it
it  1200 stage 0 t_out 10  loss 2.81 score 2.47 run 2.42  drift F 2.41 noF 2.41  0.32s/it
it  1300 stage 0 t_out 10  loss 2.35 score 2.05 run 2.43  drift F 2.30 noF 2.30  0.32s/it
it  1400 stage 0 t_out 10  loss 2.72 score 2.42 run 2.43  drift F 2.35 noF 2.35  0.31s/it
iteration 1500: promoted to stage 1 (20.0 s)
it  1500 stage 1 t_out 10  loss 2.74 score 2.46 run 2.43  drift F 2.36 noF 2.36  0.32s/it
it  1600 stage 1 t_out 20  loss 4.83 score 4.41 run 4.55  drift F 4.44 noF 4.44  0.60s/it
it  1700 stage 1 t_out 20  loss 5.33 score 4.95 run 4.58  drift F 4.31 noF 4.31  0.67s/it
it  1800 stage 1 t_out 20  loss 5.07 score 4.65 run 4.63  drift F 4.98 noF 4.98  0.63s/it
it  1900 stage 1 t_out 20  loss 5.02 score 4.61 run 4.59  drift F 4.39 noF 4.39  0.66s/it
it  2000 stage 1 t_out 20  loss 5.05 score 4.65 run 4.57  drift F 4.47 noF 4.47  0.60s/it
it  2100 stage 1 t_out 20  loss 5.39 score 5.02 run 4.63  drift F 4.51 noF 4.51  0.65s/it
it  2200 stage 1 t_out 20  loss 5.28 score 4.87 run 4.56  drift F 4.81 noF 4.81  0.61s/it
it  2300 stage 1 t_out 20  loss 4.89 score 4.51 run 4.61  drift F 4.52 noF 4.52  0.64s/it
it  2400 stage 1 t_out 20  loss 5.17 score 4.73 run 4.63  drift F 4.30 noF 4.30  0.66s/it
it  2500 stage 1 t_out 20  loss 5.14 score 4.73 run 4.49  drift F 4.43 noF 4.43  0.62s/it
it  2600 stage 1 t_out 20  loss 5.13 score 4.70 run 4.53  drift F 4.64 noF 4.64  0.74s/it
it  2700 stage 1 t_out 20  loss 4.95 score 4.52 run 4.55  drift F 4.57 noF 4.57  0.72s/it
it  2800 stage 1 t_out 20  loss 4.98 score 4.57 run 4.56  drift F 4.70 noF 4.70  0.70s/it
it  2900 stage 1 t_out 20  loss 4.95 score 4.57 run 4.65  drift F 4.92 noF 4.92  0.71s/it
it  3000 stage 1 t_out 20  loss 4.83 score 4.41 run 4.56  drift F 4.70 noF 4.70  0.64s/it
iteration 3001: promoted to stage 2 (30.0 s)
it  3100 stage 2 t_out 30  loss 6.26 score 5.77 run 5.93  drift F 6.48 noF 6.48  0.92s/it
it  3200 stage 2 t_out 30  loss 6.92 score 6.44 run 6.10  drift F 5.24 noF 5.24  0.93s/it
it  3300 stage 2 t_out 30  loss 6.10 score 5.57 run 6.09  drift F 6.62 noF 6.62  1.00s/it
it  3400 stage 2 t_out 30  loss 6.84 score 6.31 run 6.07  drift F 6.15 noF 6.15  1.17s/it
it  3500 stage 2 t_out 30  loss 7.48 score 6.98 run 6.12  drift F 5.67 noF 5.67  1.28s/it
it  3600 stage 2 t_out 30  loss 5.87 score 5.42 run 5.99  drift F 6.36 noF 6.36  1.16s/it
it  3700 stage 2 t_out 30  loss 7.45 score 6.95 run 6.07  drift F 6.00 noF 6.00  1.06s/it
it  3800 stage 2 t_out 30  loss 6.26 score 5.78 run 5.97  drift F 6.27 noF 6.27  1.05s/it
it  3900 stage 2 t_out 30  loss 6.33 score 5.89 run 6.06  drift F 5.50 noF 5.50  1.16s/it
finished
