turn output re-centred by 10.286200523376465
arch twin trainable numbers 9027
it     0 stage 0 t_out 30  loss 17.19 score 6.09 run 6.09  drift F 7.19 noF 7.19  1.12s/it
it   100 stage 0 t_out 30  loss 10.37 score 8.02 run 6.99  drift F 7.10 noF 7.10  0.88s/it
it   200 stage 0 t_out 30  loss 11.41 score 7.59 run 7.00  drift F 6.36 noF 6.36  0.72s/it
it   300 stage 0 t_out 30  loss 10.46 score 7.90 run 7.47  drift F 7.47 noF 7.47  0.70s/it
it   400 stage 0 t_out 30  loss 10.77 score 7.59 run 7.78  drift F 6.87 noF 6.87  0.87s/it
it   500 stage 0 t_out 30  loss 11.93 score 6.86 run 7.03  drift F 6.72 noF 6.72  0.95s/it
it   600 stage 0 t_out 30  loss 11.17 score 6.79 run 7.27  drift F 7.80 noF 7.80  0.88s/it
it   700 stage 0 t_out 30  loss 9.44 score 8.71 run 8.28  drift F 8.18 noF 8.18  0.91s/it
it   800 stage 0 t_out 30  loss 9.61 score 8.91 run 8.64  drift F 8.85 noF 8.85  0.90s/it
it   900 stage 0 t_out 30  loss 8.98 score 8.43 run 8.62  drift F 8.27 noF 8.27  0.87s/it
it  1000 stage 0 t_out 30  loss 9.24 score 8.62 run 8.59  drift F 8.53 noF 8.53  1.03s/it
it  1100 stage 0 t_out 30  loss 9.48 score 8.86 run 8.65  drift F 8.80 noF 8.80  0.98s/it
it  1200 stage 0 t_out 30  loss 9.36 score 8.73 run 8.77  drift F 8.87 noF 8.87  0.96s/it
it  1300 stage 0 t_out 30  loss 9.84 score 9.16 run 8.70  drift F 8.55 noF 8.55  0.97s/it
it  1400 stage 0 t_out 30  loss 9.89 score 9.34 run 8.66  drift F 8.53 noF 8.53  0.95s/it
it  1500 stage 0 t_out 30  loss 9.16 score 8.58 run 8.72  drift F 8.52 noF 8.52  1.12s/it
it  1600 stage 0 t_out 30  loss 9.43 score 8.79 run 8.67  drift F 8.85 noF 8.85  1.10s/it
it  1700 stage 0 t_out 30  loss 9.58 score 9.02 run 8.73  drift F 9.03 noF 9.03  1.16s/it
it  1800 stage 0 t_out 30  loss 9.03 score 8.53 run 8.70  drift F 8.36 noF 8.36  1.12s/it
it  1900 stage 0 t_out 30  loss 9.44 score 8.86 run 8.71  drift F 9.26 noF 9.26  1.19s/it
it  2000 stage 0 t_out 30  loss 9.32 score 8.80 run 8.77  drift F 8.68 noF 8.68  1.24s/it
it  2100 stage 0 t_out 30  loss 8.92 score 8.33 run 8.73  drift F 8.83 noF 8.83  1.11s/it
it  2200 stage 0 t_out 30  loss 9.47 score 8.86 run 8.79  drift F 8.60 noF 8.60  1.10s/it
it  2300 stage 0 t_out 30  loss 9.53 score 8.95 run 8.69  drift F 8.83 noF 8.83  1.10s/it
finished
