arch twin trainable numbers 9027
it     0 stage 0 t_out 10  loss 5.05 score 2.39 run 2.39  drift F 2.19 noF 2.19  0.18s/it
it   100 stage 0 t_out 10  loss 2.77 score 2.35 run 2.28  drift F 2.36 noF 2.36  0.18s/it
it   200 stage 0 t_out 10  loss 3.10 score 2.71 run 2.35  drift F 2.34 noF 2.34  0.19s/it
it   300 stage 0 t_out 10  loss 2.60 score 2.22 run 2.35  drift F 2.42 noF 2.42  0.20s/it
it   400 stage 0 t_out 10  loss 2.72 score 2.34 run 2.40  drift F 2.37 noF 2.37  0.20s/it
it   500 stage 0 t_out 10  loss 2.56 score 2.24 run 2.41  drift F 2.47 noF 2.47  0.20s/it
it   600 stage 0 t_out 10  loss 2.77 score 2.45 run 2.41  drift F 2.49 noF 2.49  0.21s/it
it   700 stage 0 t_out 10  loss 2.78 score 2.49 run 2.38  drift F 2.39 noF 2.39  0.22s/it
it   800 stage 0 t_out 10  loss 2.63 score 2.33 run 2.43  drift F 2.47 noF 2.47  0.23s/it
it   900 stage 0 t_out 10  loss 2.70 score 2.38 run 2.41  drift F 2.38 noF 2.38  0.24s/it
it  1000 stage 0 t_out 10  loss 2.61 score 2.31 run 2.37  drift F 2.33 noF 2.33  0.34s/it
it  1100 stage 0 t_out 10  loss 2.63 score 2.35 run 2.43  drift F 2.31 noF 2.31  0.33s/it
it  1200 stage 0 t_out 10  loss 2.72 score 2.40 run 2.39  drift F 2.45 noF 2.45  0.33s/it
it  1300 stage 0 t_out 10  loss 2.89 score 2.58 run 2.40  drift F 2.31 noF 2.31  0.31s/it
it  1400 stage 0 t_out 10  loss 2.99 score 2.66 run 2.40  drift F 2.34 noF 2.34  0.30s/it
iteration 1500: promoted to stage 1 (20.0 s)
it  1500 stage 1 t_out 10  loss 2.82 score 2.49 run 2.40  drift F 2.34 noF 2.34  0.32s/it
it  1600 stage 1 t_out 20  loss 5.27 score 4.84 run 4.61  drift F 4.49 noF 4.49  0.59s/it
it  1700 stage 1 t_out 20  loss 4.83 score 4.45 run 4.58  drift F 4.27 noF 4.27  0.68s/it
it  1800 stage 1 t_out 20  loss 4.40 score 4.00 run 4.64  drift F 5.00 noF 5.00  0.64s/it
it  1900 stage 1 t_out 20  loss 5.08 score 4.68 run 4.62  drift F 4.35 noF 4.35  0.64s/it
it  2000 stage 1 t_out 20  loss 5.19 score 4.79 run 4.62  drift F 4.49 noF 4.49  0.62s/it
it  2100 stage 1 t_out 20  loss 4.76 score 4.41 run 4.56  drift F 4.49 noF 4.49  0.61s/it
it  2200 stage 1 t_out 20  loss 5.80 score 5.42 run 4.53  drift F 4.79 noF 4.79  0.62s/it
it  2300 stage 1 t_out 20  loss 5.08 score 4.67 run 4.54  drift F 4.49 noF 4.49  0.60s/it
it  2400 stage 1 t_out 20  loss 4.71 score 4.28 run 4.60  drift F 4.32 noF 4.32  0.65s/it
it  2500 stage 1 t_out 20  loss 4.82 score 4.44 run 4.59  drift F 4.47 noF 4.47  0.61s/it
it  2600 stage 1 t_out 20  loss 5.30 score 4.85 run 4.58  drift F 4.60 noF 4.60  0.73s/it
it  2700 stage 1 t_out 20  loss 5.31 score 4.89 run 4.55  drift F 4.53 noF 4.53  0.69s/it
it  2800 stage 1 t_out 20  loss 5.05 score 4.62 run 4.62  drift F 4.66 noF 4.66  0.73s/it
it  2900 stage 1 t_out 20  loss 4.97 score 4.56 run 4.61  drift F 4.86 noF 4.86  0.78s/it
it  3000 stage 1 t_out 20  loss 4.86 score 4.49 run 4.55  drift F 4.71 noF 4.71  0.70s/it
iteration 3001: promoted to stage 2 (30.0 s)
it  3100 stage 2 t_out 30  loss 5.83 score 5.42 run 6.06  drift F 6.43 noF 6.43  0.91s/it
it  3200 stage 2 t_out 30  loss 6.89 score 6.35 run 6.04  drift F 5.24 noF 5.24  0.97s/it
it  3300 stage 2 t_out 30  loss 6.81 score 6.31 run 6.06  drift F 6.57 noF 6.57  0.92s/it
it  3400 stage 2 t_out 30  loss 6.13 score 5.70 run 5.93  drift F 6.10 noF 6.10  1.04s/it
it  3500 stage 2 t_out 30  loss 6.61 score 6.10 run 6.06  drift F 5.62 noF 5.62  1.08s/it
it  3600 stage 2 t_out 30  loss 6.41 score 5.83 run 6.10  drift F 6.37 noF 6.37  1.16s/it
it  3700 stage 2 t_out 30  loss 6.76 score 6.31 run 6.06  drift F 6.05 noF 6.05  1.15s/it
it  3800 stage 2 t_out 30  loss 6.90 score 6.42 run 6.03  drift F 6.27 noF 6.27  1.05s/it
it  3900 stage 2 t_out 30  loss 6.53 score 6.03 run 6.08  drift F 5.51 noF 5.51  1.17s/it
finished
