arch twin trainable numbers 9027
it     0 stage 0 t_out 10  loss 4.57 score 2.11 run 2.11  drift F 2.26 noF 2.26  0.25s/it
it   100 stage 0 t_out 10  loss 2.92 score 2.43 run 2.26  drift F 2.31 noF 2.31  0.33s/it
it   200 stage 0 t_out 10  loss 2.63 score 2.22 run 2.33  drift F 2.35 noF 2.35  0.28s/it
it   300 stage 0 t_out 10  loss 3.07 score 2.69 run 2.35  drift F 2.38 noF 2.38  0.29s/it
it   400 stage 0 t_out 10  loss 2.61 score 2.26 run 2.33  drift F 2.37 noF 2.37  0.38s/it
it   500 stage 0 t_out 10  loss 2.69 score 2.31 run 2.36  drift F 2.40 noF 2.40  0.39s/it
it   600 stage 0 t_out 10  loss 2.67 score 2.35 run 2.32  drift F 2.48 noF 2.48  0.36s/it
it   700 stage 0 t_out 10  loss 2.97 score 2.58 run 2.36  drift F 2.33 noF 2.33  1.31s/it
it   800 stage 0 t_out 10  loss 2.61 score 2.30 run 2.34  drift F 2.44 noF 2.44  0.42s/it
it   900 stage 0 t_out 10  loss 2.54 score 2.17 run 2.39  drift F 2.39 noF 2.39  0.40s/it
it  1000 stage 0 t_out 10  loss 2.65 score 2.38 run 2.40  drift F 2.33 noF 2.33  0.38s/it
it  1100 stage 0 t_out 10  loss 2.85 score 2.52 run 2.40  drift F 2.31 noF 2.31  0.40s/it
it  1200 stage 0 t_out 10  loss 2.74 score 2.41 run 2.42  drift F 2.43 noF 2.43  0.36s/it
it  1300 stage 0 t_out 10  loss 2.32 score 2.02 run 2.43  drift F 2.32 noF 2.32  0.42s/it
it  1400 stage 0 t_out 10  loss 2.79 score 2.45 run 2.42  drift F 2.31 noF 2.31  0.37s/it
iteration 1500: promoted to stage 1 (20.0 s)
it  1500 stage 1 t_out 10  loss 2.78 score 2.47 run 2.42  drift F 2.37 noF 2.37  0.36s/it
it  1600 stage 1 t_out 20  loss 4.78 score 4.37 run 4.54  drift F 4.43 noF 4.43  0.72s/it
it  1700 stage 1 t_out 20  loss 5.43 score 5.01 run 4.57  drift F 4.25 noF 4.25  0.77s/it
it  1800 stage 1 t_out 20  loss 5.10 score 4.60 run 4.60  drift F 4.96 noF 4.96  0.78s/it
it  1900 stage 1 t_out 20  loss 5.04 score 4.57 run 4.57  drift F 4.34 noF 4.34  0.77s/it
it  2000 stage 1 t_out 20  loss 5.17 score 4.69 run 4.55  drift F 4.40 noF 4.40  0.72s/it
it  2100 stage 1 t_out 20  loss 5.45 score 5.04 run 4.61  drift F 4.50 noF 4.50  0.71s/it
it  2200 stage 1 t_out 20  loss 5.28 score 4.83 run 4.54  drift F 4.77 noF 4.77  0.71s/it
it  2300 stage 1 t_out 20  loss 4.90 score 4.46 run 4.60  drift F 4.45 noF 4.45  0.74s/it
it  2400 stage 1 t_out 20  loss 5.12 score 4.71 run 4.61  drift F 4.30 noF 4.30  0.66s/it
it  2500 stage 1 t_out 20  loss 5.11 score 4.67 run 4.46  drift F 4.42 noF 4.42  0.66s/it
it  2600 stage 1 t_out 20  loss 5.03 score 4.64 run 4.51  drift F 4.57 noF 4.57  0.74s/it
it  2700 stage 1 t_out 20  loss 4.95 score 4.49 run 4.53  drift F 4.53 noF 4.53  0.70s/it
it  2800 stage 1 t_out 20  loss 5.01 score 4.56 run 4.54  drift F 4.67 noF 4.67  0.62s/it
it  2900 stage 1 t_out 20  loss 5.04 score 4.57 run 4.63  drift F 4.87 noF 4.87  0.61s/it
it  3000 stage 1 t_out 20  loss 4.73 score 4.35 run 4.52  drift F 4.71 noF 4.71  0.60s/it
iteration 3001: promoted to stage 2 (30.0 s)
it  3100 stage 2 t_out 30  loss 6.28 score 5.75 run 5.90  drift F 6.48 noF 6.48  0.95s/it
it  3200 stage 2 t_out 30  loss 7.00 score 6.49 run 6.07  drift F 5.23 noF 5.23  0.77s/it
it  3300 stage 2 t_out 30  loss 6.01 score 5.55 run 6.06  drift F 6.57 noF 6.57  0.73s/it
it  3400 stage 2 t_out 30  loss 6.76 score 6.20 run 6.04  drift F 6.08 noF 6.08  0.73s/it
it  3500 stage 2 t_out 30  loss 7.49 score 6.98 run 6.09  drift F 5.68 noF 5.68  0.81s/it
it  3600 stage 2 t_out 30  loss 5.85 score 5.36 run 5.97  drift F 6.32 noF 6.32  0.75s/it
it  3700 stage 2 t_out 30  loss 7.52 score 6.95 run 6.04  drift F 5.97 noF 5.97  0.74s/it
it  3800 stage 2 t_out 30  loss 6.17 score 5.71 run 5.95  drift F 6.23 noF 6.23  0.68s/it
it  3900 stage 2 t_out 30  loss 6.34 score 5.88 run 6.04  drift F 5.47 noF 5.47  0.68s/it
finished
