arch twin trainable numbers 9027
it     0 stage 0 t_out 10  loss 4.91 score 2.38 run 2.38  drift F 2.27 noF 2.27  0.18s/it
it   100 stage 0 t_out 10  loss 3.01 score 1.93 run 2.07  drift F 2.11 noF 2.11  0.18s/it
it   200 stage 0 t_out 10  loss 2.76 score 2.16 run 2.27  drift F 2.28 noF 2.28  0.19s/it
it   300 stage 0 t_out 10  loss 2.83 score 2.35 run 2.25  drift F 2.35 noF 2.35  0.20s/it
it   400 stage 0 t_out 10  loss 3.18 score 2.63 run 2.34  drift F 2.31 noF 2.31  0.20s/it
it   500 stage 0 t_out 10  loss 2.65 score 2.22 run 2.34  drift F 2.39 noF 2.39  0.21s/it
it   600 stage 0 t_out 10  loss 2.51 score 2.13 run 2.33  drift F 2.43 noF 2.43  0.21s/it
it   700 stage 0 t_out 10  loss 2.89 score 2.50 run 2.34  drift F 2.32 noF 2.32  0.22s/it
it   800 stage 0 t_out 10  loss 2.66 score 2.21 run 2.34  drift F 2.36 noF 2.36  0.24s/it
it   900 stage 0 t_out 10  loss 2.61 score 2.24 run 2.36  drift F 2.30 noF 2.30  0.25s/it
it  1000 stage 0 t_out 10  loss 3.02 score 2.64 run 2.33  drift F 2.28 noF 2.28  0.33s/it
it  1100 stage 0 t_out 10  loss 2.77 score 2.41 run 2.35  drift F 2.21 noF 2.21  0.31s/it
it  1200 stage 0 t_out 10  loss 2.77 score 2.38 run 2.37  drift F 2.37 noF 2.37  0.32s/it
it  1300 stage 0 t_out 10  loss 2.95 score 2.56 run 2.34  drift F 2.25 noF 2.25  0.31s/it
it  1400 stage 0 t_out 10  loss 2.45 score 2.09 run 2.33  drift F 2.29 noF 2.29  0.30s/it
iteration 1500: promoted to stage 1 (20.0 s)
it  1500 stage 1 t_out 10  loss 2.26 score 1.94 run 2.39  drift F 2.28 noF 2.28  0.30s/it
it  1600 stage 1 t_out 20  loss 5.50 score 5.03 run 4.51  drift F 4.38 noF 4.38  0.59s/it
it  1700 stage 1 t_out 20  loss 4.92 score 4.40 run 4.56  drift F 4.20 noF 4.20  0.65s/it
it  1800 stage 1 t_out 20  loss 4.78 score 4.30 run 4.43  drift F 4.97 noF 4.97  0.63s/it
it  1900 stage 1 t_out 20  loss 5.09 score 4.66 run 4.54  drift F 4.30 noF 4.30  0.65s/it
it  2000 stage 1 t_out 20  loss 5.16 score 4.68 run 4.58  drift F 4.41 noF 4.41  0.61s/it
it  2100 stage 1 t_out 20  loss 5.02 score 4.54 run 4.50  drift F 4.47 noF 4.47  0.64s/it
it  2200 stage 1 t_out 20  loss 4.32 score 3.84 run 4.53  drift F 4.75 noF 4.75  0.64s/it
it  2300 stage 1 t_out 20  loss 4.85 score 4.41 run 4.56  drift F 4.44 noF 4.44  0.65s/it
it  2400 stage 1 t_out 20  loss 5.21 score 4.70 run 4.64  drift F 4.22 noF 4.22  0.67s/it
it  2500 stage 1 t_out 20  loss 4.73 score 4.20 run 4.49  drift F 4.36 noF 4.36  0.64s/it
it  2600 stage 1 t_out 20  loss 4.72 score 4.28 run 4.50  drift F 4.55 noF 4.55  0.71s/it
it  2700 stage 1 t_out 20  loss 4.88 score 4.40 run 4.49  drift F 4.46 noF 4.46  0.73s/it
it  2800 stage 1 t_out 20  loss 4.72 score 4.24 run 4.50  drift F 4.62 noF 4.62  0.74s/it
it  2900 stage 1 t_out 20  loss 4.64 score 4.20 run 4.50  drift F 4.81 noF 4.81  0.77s/it
it  3000 stage 1 t_out 20  loss 5.18 score 4.64 run 4.50  drift F 4.68 noF 4.68  0.65s/it
iteration 3001: promoted to stage 2 (30.0 s)
it  3100 stage 2 t_out 30  loss 6.73 score 6.17 run 6.00  drift F 6.36 noF 6.36  0.93s/it
it  3200 stage 2 t_out 30  loss 7.16 score 6.54 run 6.04  drift F 5.14 noF 5.14  0.95s/it
it  3300 stage 2 t_out 30  loss 6.55 score 6.04 run 6.00  drift F 6.55 noF 6.55  0.99s/it
it  3400 stage 2 t_out 30  loss 6.52 score 5.96 run 6.08  drift F 5.98 noF 5.98  1.05s/it
it  3500 stage 2 t_out 30  loss 6.34 score 5.71 run 5.92  drift F 5.62 noF 5.62  1.18s/it
it  3600 stage 2 t_out 30  loss 7.11 score 6.57 run 5.98  drift F 6.28 noF 6.28  1.09s/it
it  3700 stage 2 t_out 30  loss 6.48 score 5.97 run 5.84  drift F 5.90 noF 5.90  1.11s/it
it  3800 stage 2 t_out 30  loss 7.14 score 6.57 run 5.91  drift F 6.17 noF 6.17  1.09s/it
it  3900 stage 2 t_out 30  loss 6.80 score 6.24 run 5.97  drift F 5.44 noF 5.44  1.14s/it
finished
