arch twin trainable numbers 9027
it     0 stage 0 t_out 10  loss 4.58 score 2.19 run 2.19  drift F 2.30 noF 2.30  0.39s/it
it   100 stage 0 t_out 10  loss 3.04 score 2.53 run 2.28  drift F 2.36 noF 2.36  0.33s/it
it   200 stage 0 t_out 10  loss 2.67 score 2.27 run 2.34  drift F 2.36 noF 2.36  0.32s/it
it   300 stage 0 t_out 10  loss 3.07 score 2.68 run 2.35  drift F 2.37 noF 2.37  0.32s/it
it   400 stage 0 t_out 10  loss 2.59 score 2.25 run 2.33  drift F 2.38 noF 2.38  0.32s/it
it   500 stage 0 t_out 10  loss 2.64 score 2.30 run 2.36  drift F 2.43 noF 2.43  0.31s/it
it   600 stage 0 t_out 10  loss 2.78 score 2.43 run 2.35  drift F 2.48 noF 2.48  0.29s/it
it   700 stage 0 t_out 10  loss 2.98 score 2.63 run 2.39  drift F 2.37 noF 2.37  0.30s/it
it   800 stage 0 t_out 10  loss 2.59 score 2.30 run 2.37  drift F 2.49 noF 2.49  0.29s/it
it   900 stage 0 t_out 10  loss 2.51 score 2.18 run 2.40  drift F 2.35 noF 2.35  0.32s/it
it  1000 stage 0 t_out 10  loss 2.71 score 2.41 run 2.41  drift F 2.36 noF 2.36  0.36s/it
it  1100 stage 0 t_out 10  loss 2.83 score 2.52 run 2.42  drift F 2.29 noF 2.29  0.32s/it
it  1200 stage 0 t_out 10  loss 2.82 score 2.48 run 2.42  drift F 2.42 noF 2.42  0.32s/it
it  1300 stage 0 t_out 10  loss 2.35 score 2.05 run 2.43  drift F 2.31 noF 2.31  0.32s/it
it  1400 stage 0 t_out 10  loss 2.73 score 2.43 run 2.43  drift F 2.34 noF 2.34  0.32s/it
iteration 1500: promoted to stage 1 (20.0 s)
it  1500 stage 1 t_out 10  loss 2.75 score 2.45 run 2.43  drift F 2.36 noF 2.36  0.29s/it
it  1600 stage 1 t_out 20  loss 4.79 score 4.38 run 4.55  drift F 4.45 noF 4.45  0.63s/it
it  1700 stage 1 t_out 20  loss 5.42 score 5.01 run 4.59  drift F 4.25 noF 4.25  0.65s/it
it  1800 stage 1 t_out 20  loss 4.97 score 4.59 run 4.61  drift F 4.98 noF 4.98  0.62s/it
it  1900 stage 1 t_out 20  loss 4.97 score 4.55 run 4.58  drift F 4.32 noF 4.32  0.65s/it
it  2000 stage 1 t_out 20  loss 5.16 score 4.71 run 4.56  drift F 4.47 noF 4.47  0.63s/it
it  2100 stage 1 t_out 20  loss 5.42 score 5.02 run 4.62  drift F 4.51 noF 4.51  0.65s/it
it  2200 stage 1 t_out 20  loss 5.27 score 4.84 run 4.54  drift F 4.78 noF 4.78  0.81s/it
it  2300 stage 1 t_out 20  loss 4.89 score 4.48 run 4.60  drift F 4.46 noF 4.46  0.68s/it
it  2400 stage 1 t_out 20  loss 5.19 score 4.74 run 4.63  drift F 4.27 noF 4.27  0.75s/it
it  2500 stage 1 t_out 20  loss 5.08 score 4.65 run 4.47  drift F 4.43 noF 4.43  0.69s/it
it  2600 stage 1 t_out 20  loss 5.11 score 4.69 run 4.52  drift F 4.57 noF 4.57  0.71s/it
it  2700 stage 1 t_out 20  loss 4.84 score 4.44 run 4.53  drift F 4.54 noF 4.54  0.62s/it
it  2800 stage 1 t_out 20  loss 5.01 score 4.56 run 4.55  drift F 4.63 noF 4.63  0.61s/it
it  2900 stage 1 t_out 20  loss 4.99 score 4.53 run 4.64  drift F 4.91 noF 4.91  0.61s/it
it  3000 stage 1 t_out 20  loss 4.79 score 4.36 run 4.55  drift F 4.67 noF 4.67  0.66s/it
iteration 3001: promoted to stage 2 (30.0 s)
it  3100 stage 2 t_out 30  loss 6.21 score 5.70 run 5.91  drift F 6.52 noF 6.52  1.03s/it
it  3200 stage 2 t_out 30  loss 6.98 score 6.48 run 6.08  drift F 5.24 noF 5.24  1.15s/it
it  3300 stage 2 t_out 30  loss 6.16 score 5.62 run 6.07  drift F 6.61 noF 6.61  1.13s/it
it  3400 stage 2 t_out 30  loss 6.77 score 6.25 run 6.06  drift F 6.09 noF 6.09  1.05s/it
it  3500 stage 2 t_out 30  loss 7.58 score 7.06 run 6.11  drift F 5.73 noF 5.73  1.11s/it
it  3600 stage 2 t_out 30  loss 5.85 score 5.38 run 5.96  drift F 6.38 noF 6.38  1.08s/it
it  3700 stage 2 t_out 30  loss 7.47 score 6.97 run 6.05  drift F 5.98 noF 5.98  0.71s/it
it  3800 stage 2 t_out 30  loss 6.13 score 5.69 run 5.96  drift F 6.27 noF 6.27  0.59s/it
it  3900 stage 2 t_out 30  loss 6.47 score 5.95 run 6.06  drift F 5.47 noF 5.47  0.71s/it
finished
