arch twin trainable numbers 9027
it     0 stage 0 t_out 10  loss 5.21 score 2.38 run 2.38  drift F 2.28 noF 2.28  0.17s/it
it   100 stage 0 t_out 10  loss 3.38 score 2.16 run 2.11  drift F 2.15 noF 2.15  0.18s/it
it   200 stage 0 t_out 10  loss 3.09 score 2.54 run 2.25  drift F 2.28 noF 2.28  0.19s/it
it   300 stage 0 t_out 10  loss 2.51 score 2.05 run 2.24  drift F 2.37 noF 2.37  0.20s/it
it   400 stage 0 t_out 10  loss 2.72 score 2.25 run 2.31  drift F 2.32 noF 2.32  0.20s/it
it   500 stage 0 t_out 10  loss 2.53 score 2.11 run 2.33  drift F 2.36 noF 2.36  0.20s/it
it   600 stage 0 t_out 10  loss 2.80 score 2.37 run 2.33  drift F 2.44 noF 2.44  0.21s/it
it   700 stage 0 t_out 10  loss 2.91 score 2.48 run 2.33  drift F 2.34 noF 2.34  0.22s/it
it   800 stage 0 t_out 10  loss 2.63 score 2.25 run 2.38  drift F 2.43 noF 2.43  0.23s/it
it   900 stage 0 t_out 10  loss 2.60 score 2.26 run 2.35  drift F 2.31 noF 2.31  0.24s/it
it  1000 stage 0 t_out 10  loss 2.62 score 2.26 run 2.32  drift F 2.28 noF 2.28  0.35s/it
it  1100 stage 0 t_out 10  loss 2.62 score 2.25 run 2.37  drift F 2.25 noF 2.25  0.33s/it
it  1200 stage 0 t_out 10  loss 2.74 score 2.34 run 2.34  drift F 2.40 noF 2.40  0.31s/it
it  1300 stage 0 t_out 10  loss 2.96 score 2.59 run 2.36  drift F 2.30 noF 2.30  0.32s/it
it  1400 stage 0 t_out 10  loss 2.99 score 2.64 run 2.35  drift F 2.30 noF 2.30  0.31s/it
iteration 1500: promoted to stage 1 (20.0 s)
it  1500 stage 1 t_out 10  loss 2.73 score 2.40 run 2.36  drift F 2.31 noF 2.31  0.31s/it
it  1600 stage 1 t_out 20  loss 5.34 score 4.84 run 4.56  drift F 4.41 noF 4.41  0.60s/it
it  1700 stage 1 t_out 20  loss 4.88 score 4.41 run 4.52  drift F 4.23 noF 4.23  0.68s/it
it  1800 stage 1 t_out 20  loss 4.37 score 3.93 run 4.57  drift F 4.98 noF 4.98  0.62s/it
it  1900 stage 1 t_out 20  loss 5.21 score 4.78 run 4.57  drift F 4.30 noF 4.30  0.63s/it
it  2000 stage 1 t_out 20  loss 5.28 score 4.78 run 4.55  drift F 4.39 noF 4.39  0.58s/it
it  2100 stage 1 t_out 20  loss 4.82 score 4.36 run 4.50  drift F 4.46 noF 4.46  0.60s/it
it  2200 stage 1 t_out 20  loss 5.93 score 5.47 run 4.48  drift F 4.75 noF 4.75  0.62s/it
it  2300 stage 1 t_out 20  loss 5.22 score 4.72 run 4.49  drift F 4.49 noF 4.49  0.60s/it
it  2400 stage 1 t_out 20  loss 4.60 score 4.14 run 4.54  drift F 4.23 noF 4.23  0.63s/it
it  2500 stage 1 t_out 20  loss 4.82 score 4.33 run 4.54  drift F 4.36 noF 4.36  0.65s/it
it  2600 stage 1 t_out 20  loss 5.25 score 4.79 run 4.53  drift F 4.54 noF 4.54  0.77s/it
it  2700 stage 1 t_out 20  loss 5.32 score 4.85 run 4.52  drift F 4.46 noF 4.46  0.70s/it
it  2800 stage 1 t_out 20  loss 5.03 score 4.55 run 4.57  drift F 4.61 noF 4.61  0.71s/it
it  2900 stage 1 t_out 20  loss 5.03 score 4.50 run 4.56  drift F 4.83 noF 4.83  0.80s/it
it  3000 stage 1 t_out 20  loss 4.93 score 4.50 run 4.50  drift F 4.64 noF 4.64  0.70s/it
iteration 3001: promoted to stage 2 (30.0 s)
it  3100 stage 2 t_out 30  loss 6.06 score 5.48 run 5.99  drift F 6.42 noF 6.42  0.93s/it
it  3200 stage 2 t_out 30  loss 6.88 score 6.29 run 5.97  drift F 5.18 noF 5.18  0.96s/it
it  3300 stage 2 t_out 30  loss 6.96 score 6.34 run 6.00  drift F 6.52 noF 6.52  0.96s/it
it  3400 stage 2 t_out 30  loss 6.33 score 5.70 run 5.85  drift F 6.07 noF 6.07  1.03s/it
it  3500 stage 2 t_out 30  loss 6.79 score 6.18 run 6.01  drift F 5.58 noF 5.58  1.13s/it
it  3600 stage 2 t_out 30  loss 6.29 score 5.80 run 6.03  drift F 6.31 noF 6.31  1.16s/it
it  3700 stage 2 t_out 30  loss 7.03 score 6.38 run 6.00  drift F 5.99 noF 5.99  1.13s/it
it  3800 stage 2 t_out 30  loss 6.81 score 6.23 run 5.95  drift F 6.09 noF 6.09  1.09s/it
it  3900 stage 2 t_out 30  loss 6.51 score 5.97 run 6.01  drift F 5.42 noF 5.42  1.11s/it
finished
