arch twin trainable numbers 9027
it     0 stage 0 t_out 10  loss 4.58 score 2.19 run 2.19  drift F 2.24 noF 2.24  0.40s/it
it   100 stage 0 t_out 10  loss 3.12 score 2.30 run 2.07  drift F 2.11 noF 2.11  0.33s/it
it   200 stage 0 t_out 10  loss 2.69 score 2.12 run 2.22  drift F 2.25 noF 2.25  0.33s/it
it   300 stage 0 t_out 10  loss 3.02 score 2.59 run 2.27  drift F 2.28 noF 2.28  0.31s/it
it   400 stage 0 t_out 10  loss 2.61 score 2.21 run 2.27  drift F 2.33 noF 2.33  0.32s/it
it   500 stage 0 t_out 10  loss 2.62 score 2.19 run 2.30  drift F 2.43 noF 2.43  0.30s/it
it   600 stage 0 t_out 10  loss 2.76 score 2.36 run 2.29  drift F 2.44 noF 2.44  0.30s/it
it   700 stage 0 t_out 10  loss 2.92 score 2.53 run 2.34  drift F 2.33 noF 2.33  0.30s/it
it   800 stage 0 t_out 10  loss 2.55 score 2.19 run 2.32  drift F 2.43 noF 2.43  0.29s/it
it   900 stage 0 t_out 10  loss 2.50 score 2.13 run 2.35  drift F 2.32 noF 2.32  0.31s/it
it  1000 stage 0 t_out 10  loss 2.73 score 2.40 run 2.36  drift F 2.27 noF 2.27  0.33s/it
it  1100 stage 0 t_out 10  loss 2.80 score 2.47 run 2.37  drift F 2.25 noF 2.25  0.31s/it
it  1200 stage 0 t_out 10  loss 2.75 score 2.38 run 2.37  drift F 2.37 noF 2.37  0.30s/it
it  1300 stage 0 t_out 10  loss 2.33 score 1.99 run 2.38  drift F 2.29 noF 2.29  0.35s/it
it  1400 stage 0 t_out 10  loss 2.72 score 2.36 run 2.38  drift F 2.30 noF 2.30  0.33s/it
iteration 1500: promoted to stage 1 (20.0 s)
it  1500 stage 1 t_out 10  loss 2.78 score 2.43 run 2.38  drift F 2.31 noF 2.31  0.30s/it
it  1600 stage 1 t_out 20  loss 4.94 score 4.43 run 4.49  drift F 4.38 noF 4.38  0.61s/it
it  1700 stage 1 t_out 20  loss 5.44 score 4.95 run 4.53  drift F 4.23 noF 4.23  0.64s/it
it  1800 stage 1 t_out 20  loss 5.09 score 4.59 run 4.56  drift F 4.98 noF 4.98  0.62s/it
it  1900 stage 1 t_out 20  loss 4.99 score 4.50 run 4.52  drift F 4.28 noF 4.28  0.65s/it
it  2000 stage 1 t_out 20  loss 5.16 score 4.60 run 4.50  drift F 4.42 noF 4.42  0.64s/it
it  2100 stage 1 t_out 20  loss 5.49 score 5.02 run 4.56  drift F 4.44 noF 4.44  0.66s/it
it  2200 stage 1 t_out 20  loss 5.37 score 4.79 run 4.48  drift F 4.74 noF 4.74  0.81s/it
it  2300 stage 1 t_out 20  loss 4.94 score 4.43 run 4.56  drift F 4.45 noF 4.45  0.66s/it
it  2400 stage 1 t_out 20  loss 5.02 score 4.65 run 4.57  drift F 4.23 noF 4.23  0.77s/it
it  2500 stage 1 t_out 20  loss 5.07 score 4.60 run 4.42  drift F 4.38 noF 4.38  0.74s/it
it  2600 stage 1 t_out 20  loss 5.05 score 4.58 run 4.47  drift F 4.54 noF 4.54  0.68s/it
it  2700 stage 1 t_out 20  loss 5.00 score 4.45 run 4.48  drift F 4.50 noF 4.50  0.61s/it
it  2800 stage 1 t_out 20  loss 4.95 score 4.47 run 4.51  drift F 4.63 noF 4.63  0.62s/it
it  2900 stage 1 t_out 20  loss 5.07 score 4.54 run 4.58  drift F 4.81 noF 4.81  0.62s/it
it  3000 stage 1 t_out 20  loss 4.80 score 4.33 run 4.50  drift F 4.65 noF 4.65  0.65s/it
iteration 3001: promoted to stage 2 (30.0 s)
it  3100 stage 2 t_out 30  loss 6.30 score 5.67 run 5.85  drift F 6.42 noF 6.42  1.04s/it
it  3200 stage 2 t_out 30  loss 6.81 score 6.31 run 6.03  drift F 5.15 noF 5.15  1.21s/it
it  3300 stage 2 t_out 30  loss 6.02 score 5.48 run 6.02  drift F 6.56 noF 6.56  1.13s/it
it  3400 stage 2 t_out 30  loss 6.77 score 6.18 run 5.99  drift F 6.04 noF 6.04  1.17s/it
it  3500 stage 2 t_out 30  loss 7.66 score 7.04 run 6.04  drift F 5.59 noF 5.59  1.13s/it
it  3600 stage 2 t_out 30  loss 5.88 score 5.34 run 5.92  drift F 6.30 noF 6.30  1.14s/it
it  3700 stage 2 t_out 30  loss 7.53 score 6.91 run 5.99  drift F 5.92 noF 5.92  0.75s/it
it  3800 stage 2 t_out 30  loss 6.35 score 5.72 run 5.91  drift F 6.20 noF 6.20  0.64s/it
it  3900 stage 2 t_out 30  loss 6.47 score 5.85 run 5.99  drift F 5.44 noF 5.44  0.61s/it
finished
