/Users/nico/Documents/GitHub/fly-circuit-exploration/level4/bench.py:61: UserWarning: Converting a tensor with requires_grad=True to a scalar may lead to unexpected behavior.
Consider using tensor.detach() first. (Triggered internally at /Users/runner/work/pytorch/pytorch/pytorch/torch/csrc/autograd/generated/python_variable_methods.cpp:836.)
  if it % 50 == 0: curve.append([it, round(float(loss), 4)]); print(it, round(float(loss), 3), f'{time.time() - t0:.0f}s', flush=True)
0 50.523 2s
50 23.394 35s
100 28.956 68s
150 24.789 101s
200 17.379 133s
250 10.875 166s
300 9.147 200s
350 9.668 233s
400 6.717 266s
450 5.547 299s
500 5.168 332s
550 4.984 365s
600 2.34 398s
650 3.398 432s
700 3.808 465s
750 2.662 498s
800 2.163 531s
850 3.259 569s
900 3.371 604s
950 2.194 638s
1000 2.735 672s
1050 1.877 705s
1100 1.605 738s
1150 2.136 771s
1200 1.299 803s
1250 3.007 836s
1300 2.206 868s
1350 2.434 900s
1400 1.401 932s
1450 3.56 965s
walk30 1.954
walk60 5.643
walk90 9.407
stop30 3.523
drift15 4.559
