/Users/nico/Documents/GitHub/fly-circuit-exploration/level4/bench.py:61: UserWarning: Converting a tensor with requires_grad=True to a scalar may lead to unexpected behavior.
Consider using tensor.detach() first. (Triggered internally at /Users/runner/work/pytorch/pytorch/pytorch/torch/csrc/autograd/generated/python_variable_methods.cpp:836.)
  if it % 50 == 0: curve.append([it, round(float(loss), 4)]); print(it, round(float(loss), 3), f'{time.time() - t0:.0f}s', flush=True)
0 52.537 1s
50 33.634 34s
100 30.108 66s
150 19.677 98s
200 19.306 131s
250 14.657 164s
300 11.055 198s
350 9.249 236s
400 12.852 273s
450 6.906 312s
500 6.316 352s
550 5.157 392s
600 4.123 432s
650 3.254 473s
700 2.55 513s
750 2.716 551s
800 2.496 588s
850 2.201 626s
900 1.7 664s
950 2.22 702s
1000 2.773 742s
1050 1.793 786s
1100 4.547 824s
1150 1.483 862s
1200 1.369 900s
1250 1.727 939s
1300 1.187 979s
1350 4.562 1016s
1400 0.937 1056s
1450 1.719 1094s
walk30 1.917
walk60 5.941
walk90 9.93
stop30 3.8
drift15 4.563
