/Users/nico/Documents/GitHub/fly-circuit-exploration/level4/bench.py:61: UserWarning: Converting a tensor with requires_grad=True to a scalar may lead to unexpected behavior.
Consider using tensor.detach() first. (Triggered internally at /Users/runner/work/pytorch/pytorch/pytorch/torch/csrc/autograd/generated/python_variable_methods.cpp:836.)
  if it % 50 == 0: curve.append([it, round(float(loss), 4)]); print(it, round(float(loss), 3), f'{time.time() - t0:.0f}s', flush=True)
0 51.372 1s
50 33.007 33s
100 42.33 64s
150 29.327 95s
200 33.618 126s
250 29.261 159s
300 23.28 191s
350 19.033 223s
400 27.57 257s
450 24.332 294s
500 19.311 331s
550 25.417 369s
600 17.224 409s
650 18.638 448s
700 18.546 487s
750 17.628 527s
800 18.113 566s
850 22.637 602s
900 14.847 639s
950 19.074 676s
1000 21.895 712s
1050 17.066 750s
1100 24.275 789s
1150 14.172 831s
1200 16.023 869s
1250 19.421 906s
1300 13.288 943s
1350 23.887 981s
1400 12.414 1019s
1450 17.167 1056s
walk30 5.523
walk60 9.856
walk90 13.125
stop30 5.992
drift15 6.368
