/Users/nico/Documents/GitHub/fly-circuit-exploration/level4/bench.py:61: UserWarning: Converting a tensor with requires_grad=True to a scalar may lead to unexpected behavior.
Consider using tensor.detach() first. (Triggered internally at /Users/runner/work/pytorch/pytorch/pytorch/torch/csrc/autograd/generated/python_variable_methods.cpp:836.)
  if it % 50 == 0: curve.append([it, round(float(loss), 4)]); print(it, round(float(loss), 3), f'{time.time() - t0:.0f}s', flush=True)
0 53.87 1s
50 33.333 33s
100 35.496 64s
150 28.118 95s
200 27.141 127s
250 33.071 160s
300 25.565 192s
350 19.804 229s
400 18.324 265s
450 15.912 303s
500 20.026 343s
550 21.566 381s
600 17.353 420s
650 21.19 459s
700 12.671 499s
750 16.334 537s
800 19.947 574s
850 16.061 610s
900 11.842 647s
950 17.09 684s
1000 15.787 722s
1050 18.268 763s
1100 12.208 803s
1150 14.565 840s
1200 8.503 877s
1250 12.826 915s
1300 11.59 952s
1350 17.205 991s
1400 12.018 1027s
1450 8.375 1066s
walk30 4.476
walk60 8.683
walk90 12.411
stop30 5.687
drift15 5.764
