/Users/nico/Documents/GitHub/fly-circuit-exploration/level4/bench.py:61: UserWarning: Converting a tensor with requires_grad=True to a scalar may lead to unexpected behavior.
Consider using tensor.detach() first. (Triggered internally at /Users/runner/work/pytorch/pytorch/pytorch/torch/csrc/autograd/generated/python_variable_methods.cpp:836.)
  if it % 50 == 0: curve.append([it, round(float(loss), 4)]); print(it, round(float(loss), 3), f'{time.time() - t0:.0f}s', flush=True)
0 50.159 1s
50 26.938 34s
100 32.474 68s
150 39.024 99s
200 27.023 130s
250 20.323 162s
300 24.037 194s
350 22.416 225s
400 17.821 257s
450 20.015 290s
500 24.298 323s
550 17.615 361s
600 17.215 397s
650 16.073 435s
700 17.384 475s
750 15.233 514s
800 13.158 553s
850 17.152 593s
900 16.612 632s
950 15.201 670s
1000 15.776 707s
1050 10.933 743s
1100 11.004 781s
1150 10.944 818s
1200 9.128 856s
1250 16.039 899s
1300 12.121 938s
1350 10.772 975s
1400 8.347 1011s
1450 16.976 1051s
walk30 4.394
walk60 8.886
walk90 12.563
stop30 6.036
drift15 5.65
