/Users/nico/Documents/GitHub/fly-circuit-exploration/level4/bench.py:61: UserWarning: Converting a tensor with requires_grad=True to a scalar may lead to unexpected behavior.
Consider using tensor.detach() first. (Triggered internally at /Users/runner/work/pytorch/pytorch/pytorch/torch/csrc/autograd/generated/python_variable_methods.cpp:836.)
  if it % 50 == 0: curve.append([it, round(float(loss), 4)]); print(it, round(float(loss), 3), f'{time.time() - t0:.0f}s', flush=True)
0 50.409 1s
50 37.975 44s
100 43.022 82s
150 34.68 119s
200 37.123 155s
250 26.886 195s
300 23.871 232s
350 17.56 270s
400 28.958 308s
450 20.035 346s
500 19.451 384s
550 20.549 423s
600 12.685 461s
650 15.962 502s
700 12.962 547s
750 12.278 590s
800 14.434 632s
850 16.874 674s
900 10.527 711s
950 13.994 748s
1000 14.862 783s
1050 12.738 816s
1100 17.506 849s
1150 9.361 881s
1200 10.012 913s
1250 13.06 944s
1300 8.101 975s
1350 20.076 1005s
1400 7.214 1035s
1450 11.903 1063s
walk30 4.854
walk60 9.483
walk90 12.963
stop30 5.741
drift15 5.971
