/Users/nico/Documents/GitHub/fly-circuit-exploration/level4/bench.py:61: UserWarning: Converting a tensor with requires_grad=True to a scalar may lead to unexpected behavior.
Consider using tensor.detach() first. (Triggered internally at /Users/runner/work/pytorch/pytorch/pytorch/torch/csrc/autograd/generated/python_variable_methods.cpp:836.)
  if it % 50 == 0: curve.append([it, round(float(loss), 4)]); print(it, round(float(loss), 3), f'{time.time() - t0:.0f}s', flush=True)
0 53.803 1s
50 36.214 30s
100 50.861 59s
150 41.207 86s
200 40.564 115s
250 44.902 143s
300 37.556 172s
350 44.5 197s
400 36.496 226s
450 36.567 255s
500 36.41 284s
550 41.156 313s
600 44.991 342s
650 54.605 371s
700 33.287 399s
750 45.862 428s
800 44.823 457s
850 41.157 485s
900 31.936 514s
950 45.009 542s
1000 47.048 576s
1050 60.124 611s
1100 33.942 644s
1150 52.415 673s
1200 39.631 702s
1250 36.705 730s
1300 46.34 758s
1350 52.777 786s
1400 50.065 815s
1450 32.889 842s
walk30 8.837
walk60 12.912
walk90 16.035
stop30 8.418
drift15 8.885
