/Users/nico/Documents/GitHub/fly-circuit-exploration/level4/bench.py:61: UserWarning: Converting a tensor with requires_grad=True to a scalar may lead to unexpected behavior.
Consider using tensor.detach() first. (Triggered internally at /Users/runner/work/pytorch/pytorch/pytorch/torch/csrc/autograd/generated/python_variable_methods.cpp:836.)
  if it % 50 == 0: curve.append([it, round(float(loss), 4)]); print(it, round(float(loss), 3), f'{time.time() - t0:.0f}s', flush=True)
0 49.23 1s
50 30.409 32s
100 44.428 64s
150 48.937 95s
200 45.542 127s
250 35.139 159s
300 28.802 192s
350 28.193 228s
400 20.791 265s
450 26.862 302s
500 23.93 342s
550 19.146 380s
600 12.75 419s
650 17.027 458s
700 19.211 498s
750 13.875 536s
800 13.782 572s
850 17.864 609s
900 17.126 646s
950 15.013 683s
1000 16.776 721s
1050 12.58 763s
1100 12.139 802s
1150 11.466 840s
1200 11.282 876s
1250 19.954 914s
1300 14.649 952s
1350 13.7 990s
1400 10.819 1027s
1450 21.975 1065s
walk30 5.132
walk60 9.582
walk90 13.17
stop30 5.845
drift15 6.115
