/Users/nico/Documents/GitHub/fly-circuit-exploration/level4/bench.py:61: UserWarning: Converting a tensor with requires_grad=True to a scalar may lead to unexpected behavior.
Consider using tensor.detach() first. (Triggered internally at /Users/runner/work/pytorch/pytorch/pytorch/torch/csrc/autograd/generated/python_variable_methods.cpp:836.)
  if it % 50 == 0: curve.append([it, round(float(loss), 4)]); print(it, round(float(loss), 3), f'{time.time() - t0:.0f}s', flush=True)
0 49.979 1s
50 22.868 28s
100 23.632 54s
150 21.069 81s
200 13.531 108s
250 10.698 135s
300 8.908 162s
350 9.014 189s
400 7.196 216s
450 5.212 243s
500 5.432 270s
550 4.021 297s
600 2.171 324s
650 2.585 351s
700 3.086 378s
750 2.148 405s
800 1.731 432s
850 2.759 460s
900 2.286 487s
950 2.162 514s
1000 2.213 542s
1050 1.229 572s
1100 1.281 601s
1150 1.405 629s
1200 0.9 657s
1250 2.6 685s
1300 1.977 712s
1350 1.701 739s
1400 0.984 766s
1450 3.248 792s
walk30 1.781
walk60 5.501
walk90 9.1
stop30 3.696
drift15 4.494
