/Users/nico/Documents/GitHub/fly-circuit-exploration/level4/bench.py:61: UserWarning: Converting a tensor with requires_grad=True to a scalar may lead to unexpected behavior.
Consider using tensor.detach() first. (Triggered internally at /Users/runner/work/pytorch/pytorch/pytorch/torch/csrc/autograd/generated/python_variable_methods.cpp:836.)
  if it % 50 == 0: curve.append([it, round(float(loss), 4)]); print(it, round(float(loss), 3), f'{time.time() - t0:.0f}s', flush=True)
0 50.131 0s
50 31.794 7s
100 31.649 15s
150 29.73 22s
200 23.922 29s
250 15.98 36s
300 15.161 43s
350 15.369 51s
400 12.88 58s
450 14.153 65s
500 14.529 72s
550 11.336 79s
600 9.987 86s
650 9.916 93s
700 9.905 100s
750 6.491 107s
800 6.143 114s
850 8.087 120s
900 6.634 127s
950 5.931 133s
1000 4.845 140s
1050 3.497 147s
1100 3.829 153s
1150 2.731 160s
1200 2.616 167s
1250 5.531 173s
1300 4.017 180s
1350 3.788 187s
1400 2.293 194s
1450 6.949 200s
walk30 2.607
walk60 6.045
walk90 9.321
stop30 3.985
drift15 4.837
