/Users/nico/Documents/GitHub/fly-circuit-exploration/level4/bench.py:61: UserWarning: Converting a tensor with requires_grad=True to a scalar may lead to unexpected behavior.
Consider using tensor.detach() first. (Triggered internally at /Users/runner/work/pytorch/pytorch/pytorch/torch/csrc/autograd/generated/python_variable_methods.cpp:836.)
  if it % 50 == 0: curve.append([it, round(float(loss), 4)]); print(it, round(float(loss), 3), f'{time.time() - t0:.0f}s', flush=True)
0 54.133 0s
50 28.406 11s
100 36.047 22s
150 25.915 33s
200 26.96 44s
250 30.417 56s
300 26.5 67s
350 23.252 78s
400 25.09 89s
450 19.989 100s
500 22.128 111s
550 26.028 122s
600 20.57 133s
650 26.135 145s
700 15.463 156s
750 23.255 167s
800 22.838 178s
850 21.281 189s
900 14.551 200s
950 20.031 211s
1000 21.046 222s
1050 22.015 233s
1100 15.922 244s
1150 19.594 255s
1200 12.466 266s
1250 17.312 277s
1300 16.579 288s
1350 19.045 300s
1400 15.752 311s
1450 12.373 322s
walk30 5.538
walk60 9.798
walk90 13.258
stop30 6.339
drift15 6.431
