/Users/nico/Documents/GitHub/fly-circuit-exploration/level4/bench.py:61: UserWarning: Converting a tensor with requires_grad=True to a scalar may lead to unexpected behavior.
Consider using tensor.detach() first. (Triggered internally at /Users/runner/work/pytorch/pytorch/pytorch/torch/csrc/autograd/generated/python_variable_methods.cpp:836.)
  if it % 50 == 0: curve.append([it, round(float(loss), 4)]); print(it, round(float(loss), 3), f'{time.time() - t0:.0f}s', flush=True)
0 54.806 0s
50 20.701 16s
100 16.538 31s
150 6.557 46s
200 6.633 61s
250 3.734 75s
300 3.82 90s
350 2.342 105s
400 1.682 119s
450 1.647 133s
500 0.788 147s
550 1.256 161s
600 0.736 174s
650 1.394 188s
700 0.522 202s
750 0.64 215s
800 1.105 229s
850 0.429 242s
900 0.242 255s
950 0.551 268s
1000 0.804 282s
1050 1.081 295s
1100 0.327 308s
1150 0.394 322s
1200 0.237 334s
1250 0.683 348s
1300 0.254 361s
1350 0.96 375s
1400 0.595 388s
1450 0.16 403s
walk30 0.755
walk60 3.307
walk90 6.745
stop30 2.289
drift15 4.294
