/Users/nico/Documents/GitHub/fly-circuit-exploration/level4/bench.py:61: UserWarning: Converting a tensor with requires_grad=True to a scalar may lead to unexpected behavior.
Consider using tensor.detach() first. (Triggered internally at /Users/runner/work/pytorch/pytorch/pytorch/torch/csrc/autograd/generated/python_variable_methods.cpp:836.)
  if it % 50 == 0: curve.append([it, round(float(loss), 4)]); print(it, round(float(loss), 3), f'{time.time() - t0:.0f}s', flush=True)
0 50.328 0s
50 29.049 12s
100 34.481 24s
150 32.644 36s
200 29.047 47s
250 22.06 59s
300 19.98 71s
350 20.265 83s
400 15.903 95s
450 17.182 107s
500 15.176 119s
550 10.504 131s
600 11.847 143s
650 8.47 155s
700 9.623 167s
750 6.32 178s
800 6.202 190s
850 8.27 201s
900 6.414 213s
950 6.788 224s
1000 5.569 236s
1050 3.99 247s
1100 3.888 259s
1150 3.027 270s
1200 3.134 281s
1250 5.977 293s
1300 4.178 304s
1350 4.98 316s
1400 2.496 327s
1450 6.731 338s
walk30 2.822
walk60 6.919
walk90 11.025
stop30 3.238
drift15 4.837
