/Users/nico/Documents/GitHub/fly-circuit-exploration/level4/bench.py:61: UserWarning: Converting a tensor with requires_grad=True to a scalar may lead to unexpected behavior.
Consider using tensor.detach() first. (Triggered internally at /Users/runner/work/pytorch/pytorch/pytorch/torch/csrc/autograd/generated/python_variable_methods.cpp:836.)
  if it % 50 == 0: curve.append([it, round(float(loss), 4)]); print(it, round(float(loss), 3), f'{time.time() - t0:.0f}s', flush=True)
0 54.2 0s
50 34.279 12s
100 44.677 24s
150 29.554 35s
200 35.172 48s
250 31.441 60s
300 32.121 72s
350 32.518 84s
400 33.27 95s
450 32.327 107s
500 25.692 119s
550 34.812 131s
600 31.224 142s
650 37.143 154s
700 26.261 166s
750 34.169 178s
800 40.983 190s
850 31.327 202s
900 27.861 214s
950 32.148 225s
1000 29.353 237s
1050 36.108 249s
1100 24.144 261s
1150 32.093 273s
1200 22.519 285s
1250 22.579 297s
1300 26.97 309s
1350 31.909 321s
1400 27.33 333s
1450 22.037 345s
walk30 6.99
walk60 11.3
walk90 14.862
stop30 7.09
drift15 7.539
