/Users/nico/Documents/GitHub/fly-circuit-exploration/level4/bench.py:61: UserWarning: Converting a tensor with requires_grad=True to a scalar may lead to unexpected behavior.
Consider using tensor.detach() first. (Triggered internally at /Users/runner/work/pytorch/pytorch/pytorch/torch/csrc/autograd/generated/python_variable_methods.cpp:836.)
  if it % 50 == 0: curve.append([it, round(float(loss), 4)]); print(it, round(float(loss), 3), f'{time.time() - t0:.0f}s', flush=True)
0 51.406 0s
50 24.49 18s
100 14.4 37s
150 9.389 55s
200 7.726 74s
250 4.411 94s
300 2.552 113s
350 1.331 131s
400 2.887 149s
450 1.409 167s
500 1.816 184s
550 1.128 201s
600 0.555 218s
650 0.568 235s
700 0.461 252s
750 0.321 269s
800 0.422 286s
850 0.509 303s
900 0.265 320s
950 0.271 338s
1000 0.569 355s
1050 0.313 372s
1100 1.084 389s
1150 0.197 405s
1200 0.199 422s
1250 0.216 438s
1300 0.182 454s
1350 1.079 470s
1400 0.141 485s
1450 0.229 501s
walk30 0.711
walk60 3.288
walk90 6.662
stop30 2.342
drift15 4.267
