/Users/nico/Documents/GitHub/fly-circuit-exploration/level4/bench.py:61: UserWarning: Converting a tensor with requires_grad=True to a scalar may lead to unexpected behavior.
Consider using tensor.detach() first. (Triggered internally at /Users/runner/work/pytorch/pytorch/pytorch/torch/csrc/autograd/generated/python_variable_methods.cpp:836.)
  if it % 50 == 0: curve.append([it, round(float(loss), 4)]); print(it, round(float(loss), 3), f'{time.time() - t0:.0f}s', flush=True)
0 51.28 0s
50 24.001 14s
100 19.341 28s
150 19.142 43s
200 10.636 59s
250 4.568 78s
300 3.949 98s
350 3.332 121s
400 2.129 141s
450 2.004 167s
500 1.888 192s
550 1.272 215s
600 0.639 238s
650 0.813 259s
700 1.318 280s
750 0.624 307s
800 0.529 334s
850 0.696 357s
900 0.597 379s
950 0.597 402s
1000 0.601 425s
1050 0.353 448s
1100 0.286 471s
1150 0.311 494s
1200 0.239 517s
1250 0.719 541s
1300 0.355 566s
1350 0.601 590s
1400 0.25 616s
1450 1.354 644s
walk30 0.876
walk60 3.376
walk90 6.706
stop30 2.335
drift15 4.336
