/Users/nico/Documents/GitHub/fly-circuit-exploration/level4/bench.py:61: UserWarning: Converting a tensor with requires_grad=True to a scalar may lead to unexpected behavior.
Consider using tensor.detach() first. (Triggered internally at /Users/runner/work/pytorch/pytorch/pytorch/torch/csrc/autograd/generated/python_variable_methods.cpp:836.)
  if it % 50 == 0: curve.append([it, round(float(loss), 4)]); print(it, round(float(loss), 3), f'{time.time() - t0:.0f}s', flush=True)
0 50.316 0s
50 27.291 13s
100 34.687 27s
150 38.048 40s
200 31.825 53s
250 26.078 67s
300 22.764 80s
350 27.823 93s
400 22.115 107s
450 25.928 120s
500 28.604 133s
550 22.747 146s
600 16.931 160s
650 18.308 173s
700 17.589 186s
750 14.144 200s
800 12.37 213s
850 14.416 227s
900 12.728 240s
950 11.265 254s
1000 10.244 267s
1050 7.523 281s
1100 7.81 295s
1150 7.804 308s
1200 5.69 322s
1250 11.706 335s
1300 10.984 349s
1350 9.405 362s
1400 5.586 376s
1450 13.308 390s
walk30 3.943
walk60 7.982
walk90 11.312
stop30 5.248
drift15 5.46
