/Users/nico/Documents/GitHub/fly-circuit-exploration/level4/bench.py:61: UserWarning: Converting a tensor with requires_grad=True to a scalar may lead to unexpected behavior.
Consider using tensor.detach() first. (Triggered internally at /Users/runner/work/pytorch/pytorch/pytorch/torch/csrc/autograd/generated/python_variable_methods.cpp:836.)
  if it % 50 == 0: curve.append([it, round(float(loss), 4)]); print(it, round(float(loss), 3), f'{time.time() - t0:.0f}s', flush=True)
0 51.262 0s
50 38.108 17s
100 34.289 35s
150 29.711 52s
200 37.658 70s
250 38.104 89s
300 28.404 109s
350 31.302 130s
400 34.113 151s
450 27.698 172s
500 28.441 192s
550 28.645 211s
600 20.439 231s
650 24.592 251s
700 19.87 270s
750 17.952 288s
800 20.792 305s
850 21.359 322s
900 16.157 339s
950 20.296 356s
1000 18.406 371s
1050 16.634 387s
1100 25.325 403s
1150 14.988 418s
1200 13.044 433s
1250 18.214 448s
1300 13.6 463s
1350 22.735 477s
1400 11.069 491s
1450 16.23 506s
walk30 5.513
walk60 9.875
walk90 13.431
stop30 6.603
drift15 6.524
