/Users/nico/Documents/GitHub/fly-circuit-exploration/level4/bench.py:61: UserWarning: Converting a tensor with requires_grad=True to a scalar may lead to unexpected behavior.
Consider using tensor.detach() first. (Triggered internally at /Users/runner/work/pytorch/pytorch/pytorch/torch/csrc/autograd/generated/python_variable_methods.cpp:836.)
  if it % 50 == 0: curve.append([it, round(float(loss), 4)]); print(it, round(float(loss), 3), f'{time.time() - t0:.0f}s', flush=True)
0 52.652 0s
50 19.999 14s
100 18.183 28s
150 8.181 43s
200 7.293 59s
250 3.909 77s
300 4.057 96s
350 2.206 119s
400 2.041 140s
450 1.534 165s
500 1.099 190s
550 1.572 213s
600 1.076 236s
650 1.603 257s
700 0.445 278s
750 0.892 303s
800 1.378 330s
850 0.678 353s
900 0.345 376s
950 0.797 399s
1000 1.219 422s
1050 1.331 444s
1100 0.461 468s
1150 0.469 490s
1200 0.34 512s
1250 1.074 536s
1300 0.4 560s
1350 1.39 585s
1400 0.848 609s
1450 0.262 637s
walk30 0.974
walk60 3.584
walk90 6.726
stop30 2.471
drift15 4.334
