/Users/nico/Documents/GitHub/fly-circuit-exploration/level4/bench.py:61: UserWarning: Converting a tensor with requires_grad=True to a scalar may lead to unexpected behavior.
Consider using tensor.detach() first. (Triggered internally at /Users/runner/work/pytorch/pytorch/pytorch/torch/csrc/autograd/generated/python_variable_methods.cpp:836.)
  if it % 50 == 0: curve.append([it, round(float(loss), 4)]); print(it, round(float(loss), 3), f'{time.time() - t0:.0f}s', flush=True)
0 51.233 0s
50 39.357 15s
100 34.228 30s
150 26.554 45s
200 27.647 61s
250 25.078 76s
300 22.975 92s
350 13.945 109s
400 23.947 127s
450 17.804 145s
500 16.649 165s
550 14.719 181s
600 10.13 198s
650 8.489 215s
700 7.784 232s
750 7.771 249s
800 7.676 266s
850 6.448 282s
900 3.644 297s
950 4.585 312s
1000 6.134 327s
1050 3.706 342s
1100 8.086 356s
1150 2.345 370s
1200 2.964 383s
1250 3.944 397s
1300 2.695 410s
1350 7.502 423s
1400 2.331 437s
1450 3.037 449s
walk30 2.686
walk60 7.162
walk90 11.46
stop30 3.268
drift15 4.833
