/Users/nico/Documents/GitHub/fly-circuit-exploration/level4/bench.py:61: UserWarning: Converting a tensor with requires_grad=True to a scalar may lead to unexpected behavior.
Consider using tensor.detach() first. (Triggered internally at /Users/runner/work/pytorch/pytorch/pytorch/torch/csrc/autograd/generated/python_variable_methods.cpp:836.)
  if it % 50 == 0: curve.append([it, round(float(loss), 4)]); print(it, round(float(loss), 3), f'{time.time() - t0:.0f}s', flush=True)
0 54.817 0s
50 43.286 11s
100 49.827 21s
150 39.62 32s
200 44.89 42s
250 45.023 52s
300 41.998 62s
350 50.79 71s
400 35.996 81s
450 40.974 92s
500 40.975 102s
550 45.146 112s
600 47.148 122s
650 52.03 132s
700 39.328 142s
750 48.315 152s
800 50.35 162s
850 51.633 172s
900 37.194 182s
950 55.306 192s
1000 52.114 202s
1050 57.797 212s
1100 38.692 222s
1150 52.885 232s
1200 41.96 242s
1250 42.637 252s
1300 50.769 262s
1350 58.986 272s
1400 51.201 282s
1450 36.05 292s
walk30 9.117
walk60 13.003
walk90 16.129
stop30 8.694
drift15 9.133
