/Users/nico/Documents/GitHub/fly-circuit-exploration/level4/bench.py:61: UserWarning: Converting a tensor with requires_grad=True to a scalar may lead to unexpected behavior.
Consider using tensor.detach() first. (Triggered internally at /Users/runner/work/pytorch/pytorch/pytorch/torch/csrc/autograd/generated/python_variable_methods.cpp:836.)
  if it % 50 == 0: curve.append([it, round(float(loss), 4)]); print(it, round(float(loss), 3), f'{time.time() - t0:.0f}s', flush=True)
0 50.621 0s
50 29.073 19s
100 24.756 38s
150 24.154 57s
200 24.426 78s
250 20.464 100s
300 18.41 123s
350 8.689 144s
400 12.891 165s
450 7.743 185s
500 6.556 206s
550 6.067 227s
600 3.728 246s
650 3.947 265s
700 3.465 283s
750 2.818 301s
800 2.795 319s
850 2.826 336s
900 1.658 352s
950 2.029 369s
1000 2.909 385s
1050 2.029 401s
1100 4.089 417s
1150 1.273 432s
1200 1.514 448s
1250 1.717 463s
1300 1.183 478s
1350 4.456 493s
1400 1.086 508s
1450 1.996 524s
walk30 1.957
walk60 5.069
walk90 8.452
stop30 4.897
drift15 4.633
