/Users/nico/Documents/GitHub/fly-circuit-exploration/level4/bench.py:61: UserWarning: Converting a tensor with requires_grad=True to a scalar may lead to unexpected behavior.
Consider using tensor.detach() first. (Triggered internally at /Users/runner/work/pytorch/pytorch/pytorch/torch/csrc/autograd/generated/python_variable_methods.cpp:836.)
  if it % 50 == 0: curve.append([it, round(float(loss), 4)]); print(it, round(float(loss), 3), f'{time.time() - t0:.0f}s', flush=True)
0 55.557 1s
50 26.25 28s
100 11.149 54s
150 3.759 80s
200 2.607 106s
250 2.305 132s
300 2.327 158s
350 2.034 184s
400 1.805 210s
450 1.563 236s
500 1.205 263s
550 1.183 289s
600 1.409 317s
650 1.454 344s
700 0.952 371s
750 1.249 398s
800 1.159 426s
850 0.952 453s
900 0.66 483s
950 0.873 509s
1000 0.969 536s
1050 0.817 562s
1100 0.926 586s
1150 0.67 610s
1200 0.576 635s
1250 0.847 658s
1300 0.778 680s
1350 1.002 700s
1400 0.623 721s
1450 0.737 740s
walk30 1.14
walk60 10.041
walk90 13.823
stop30 7.361
drift15 4.397
