/Users/nico/Documents/GitHub/fly-circuit-exploration/level4/bench.py:61: UserWarning: Converting a tensor with requires_grad=True to a scalar may lead to unexpected behavior.
Consider using tensor.detach() first. (Triggered internally at /Users/runner/work/pytorch/pytorch/pytorch/torch/csrc/autograd/generated/python_variable_methods.cpp:836.)
  if it % 50 == 0: curve.append([it, round(float(loss), 4)]); print(it, round(float(loss), 3), f'{time.time() - t0:.0f}s', flush=True)
0 50.007 1s
50 22.347 33s
100 12.203 65s
150 5.506 98s
200 3.793 130s
250 2.617 163s
300 2.966 195s
350 2.255 228s
400 1.92 260s
450 1.512 297s
500 1.794 333s
550 1.25 370s
600 1.166 409s
650 0.955 450s
700 0.967 497s
750 0.877 544s
800 0.82 591s
850 0.701 636s
900 0.768 679s
950 0.954 722s
1000 0.809 765s
1050 0.721 809s
1100 0.794 852s
1150 0.728 893s
1200 0.54 933s
1250 0.812 972s
1300 0.742 1010s
1350 0.899 1048s
1400 0.773 1085s
1450 0.723 1121s
walk30 1.16
walk60 14.026
walk90 18.881
stop30 9.509
drift15 4.41
