/Users/nico/Documents/GitHub/fly-circuit-exploration/level4/bench.py:61: UserWarning: Converting a tensor with requires_grad=True to a scalar may lead to unexpected behavior.
Consider using tensor.detach() first. (Triggered internally at /Users/runner/work/pytorch/pytorch/pytorch/torch/csrc/autograd/generated/python_variable_methods.cpp:836.)
  if it % 50 == 0: curve.append([it, round(float(loss), 4)]); print(it, round(float(loss), 3), f'{time.time() - t0:.0f}s', flush=True)
0 52.334 1s
50 23.844 36s
100 8.726 69s
150 3.192 101s
200 2.932 134s
250 2.057 167s
300 1.746 197s
350 1.513 229s
400 1.648 258s
450 1.767 288s
500 1.769 319s
550 1.229 349s
600 1.086 378s
650 1.299 406s
700 0.983 438s
750 1.082 469s
800 1.053 501s
850 0.923 532s
900 0.979 563s
950 1.011 594s
1000 0.838 624s
1050 1.011 655s
1100 1.009 686s
1150 0.735 717s
1200 0.712 750s
1250 0.945 787s
1300 0.762 823s
1350 1.076 855s
1400 0.935 885s
1450 0.698 916s
walk30 1.211
walk60 8.365
walk90 10.624
stop30 6.423
drift15 4.378
