/Users/nico/Documents/GitHub/fly-circuit-exploration/level4/bench.py:61: UserWarning: Converting a tensor with requires_grad=True to a scalar may lead to unexpected behavior.
Consider using tensor.detach() first. (Triggered internally at /Users/runner/work/pytorch/pytorch/pytorch/torch/csrc/autograd/generated/python_variable_methods.cpp:836.)
  if it % 50 == 0: curve.append([it, round(float(loss), 4)]); print(it, round(float(loss), 3), f'{time.time() - t0:.0f}s', flush=True)
0 52.935 0s
50 31.165 5s
100 27.654 11s
150 15.724 16s
200 17.177 21s
250 12.87 27s
300 11.027 32s
350 6.819 37s
400 4.91 43s
450 3.383 48s
500 3.345 53s
550 3.578 59s
600 2.743 64s
650 3.999 69s
700 1.4 75s
750 2.355 80s
800 3.405 85s
850 2.217 91s
900 1.32 96s
950 1.969 102s
1000 2.831 107s
1050 2.898 112s
1100 1.619 118s
1150 1.724 123s
1200 0.828 128s
1250 2.505 134s
1300 1.478 139s
1350 2.798 145s
1400 1.592 150s
1450 1.016 155s
walk30 1.659
walk60 4.637
walk90 7.711
stop30 3.275
drift15 4.448
