/Users/nico/Documents/GitHub/fly-circuit-exploration/level4/bench.py:61: UserWarning: Converting a tensor with requires_grad=True to a scalar may lead to unexpected behavior.
Consider using tensor.detach() first. (Triggered internally at /Users/runner/work/pytorch/pytorch/pytorch/torch/csrc/autograd/generated/python_variable_methods.cpp:836.)
  if it % 50 == 0: curve.append([it, round(float(loss), 4)]); print(it, round(float(loss), 3), f'{time.time() - t0:.0f}s', flush=True)
0 50.206 0s
50 24.325 6s
100 26.129 12s
150 28.212 18s
200 21.943 24s
250 15.464 31s
300 13.732 38s
350 15.031 45s
400 11.845 52s
450 10.617 58s
500 8.494 65s
550 5.983 72s
600 4.117 78s
650 5.737 85s
700 4.567 92s
750 3.755 99s
800 2.722 106s
850 4.149 113s
900 3.445 120s
950 3.128 127s
1000 3.007 134s
1050 1.897 140s
1100 2.092 148s
1150 1.594 156s
1200 1.62 163s
1250 3.692 171s
1300 2.448 179s
1350 2.169 187s
1400 1.479 194s
1450 4.394 202s
walk30 2.075
walk60 5.146
walk90 8.413
stop30 3.938
drift15 4.601
